Component: ARM Compiler 5.06 update 4 (build 422) Tool: armlink [4d35d2]

==============================================================================

Section Cross References

    led.o(i.LED_Init) refers to stm32f10x_rcc.o(i.RCC_APB2PeriphClockCmd) for RCC_APB2PeriphClockCmd
    led.o(i.LED_Init) refers to stm32f10x_gpio.o(i.GPIO_Init) for GPIO_Init
    key.o(i.KEY_Init) refers to stm32f10x_rcc.o(i.RCC_APB2PeriphClockCmd) for RCC_APB2PeriphClockCmd
    key.o(i.KEY_Init) refers to stm32f10x_gpio.o(i.GPIO_Init) for GPIO_Init
    key.o(i.KEY_Scan) refers to stm32f10x_gpio.o(i.GPIO_ReadInputDataBit) for GPIO_ReadInputDataBit
    key.o(i.KEY_Scan) refers to key.o(.data) for key_filter
    exti.o(i.EXTI0_IRQHandler) refers to delay.o(i.delay_ms) for delay_ms
    exti.o(i.EXTI0_IRQHandler) refers to stm32f10x_gpio.o(i.GPIO_ReadInputDataBit) for GPIO_ReadInputDataBit
    exti.o(i.EXTI0_IRQHandler) refers to stm32f10x_exti.o(i.EXTI_ClearITPendingBit) for EXTI_ClearITPendingBit
    exti.o(i.EXTI2_IRQHandler) refers to delay.o(i.delay_ms) for delay_ms
    exti.o(i.EXTI2_IRQHandler) refers to stm32f10x_gpio.o(i.GPIO_ReadInputDataBit) for GPIO_ReadInputDataBit
    exti.o(i.EXTI2_IRQHandler) refers to stm32f10x_exti.o(i.EXTI_ClearITPendingBit) for EXTI_ClearITPendingBit
    exti.o(i.EXTI3_IRQHandler) refers to delay.o(i.delay_ms) for delay_ms
    exti.o(i.EXTI3_IRQHandler) refers to stm32f10x_gpio.o(i.GPIO_ReadInputDataBit) for GPIO_ReadInputDataBit
    exti.o(i.EXTI3_IRQHandler) refers to stm32f10x_exti.o(i.EXTI_ClearITPendingBit) for EXTI_ClearITPendingBit
    exti.o(i.EXTI4_IRQHandler) refers to delay.o(i.delay_ms) for delay_ms
    exti.o(i.EXTI4_IRQHandler) refers to stm32f10x_gpio.o(i.GPIO_ReadInputDataBit) for GPIO_ReadInputDataBit
    exti.o(i.EXTI4_IRQHandler) refers to stm32f10x_exti.o(i.EXTI_ClearITPendingBit) for EXTI_ClearITPendingBit
    exti.o(i.EXTIX_Init) refers to key.o(i.KEY_Init) for KEY_Init
    exti.o(i.EXTIX_Init) refers to stm32f10x_rcc.o(i.RCC_APB2PeriphClockCmd) for RCC_APB2PeriphClockCmd
    exti.o(i.EXTIX_Init) refers to stm32f10x_gpio.o(i.GPIO_EXTILineConfig) for GPIO_EXTILineConfig
    exti.o(i.EXTIX_Init) refers to stm32f10x_exti.o(i.EXTI_Init) for EXTI_Init
    exti.o(i.EXTIX_Init) refers to misc.o(i.NVIC_Init) for NVIC_Init
    adc.o(i.Adc_Init) refers to stm32f10x_rcc.o(i.RCC_APB2PeriphClockCmd) for RCC_APB2PeriphClockCmd
    adc.o(i.Adc_Init) refers to stm32f10x_adc.o(i.ADC_DeInit) for ADC_DeInit
    adc.o(i.Adc_Init) refers to stm32f10x_adc.o(i.ADC_Init) for ADC_Init
    adc.o(i.Adc_Init) refers to stm32f10x_rcc.o(i.RCC_ADCCLKConfig) for RCC_ADCCLKConfig
    adc.o(i.Adc_Init) refers to stm32f10x_adc.o(i.ADC_RegularChannelConfig) for ADC_RegularChannelConfig
    adc.o(i.Adc_Init) refers to stm32f10x_adc.o(i.ADC_DMACmd) for ADC_DMACmd
    adc.o(i.Adc_Init) refers to stm32f10x_adc.o(i.ADC_Cmd) for ADC_Cmd
    adc.o(i.Adc_Init) refers to stm32f10x_adc.o(i.ADC_ResetCalibration) for ADC_ResetCalibration
    adc.o(i.Adc_Init) refers to stm32f10x_adc.o(i.ADC_GetResetCalibrationStatus) for ADC_GetResetCalibrationStatus
    adc.o(i.Adc_Init) refers to stm32f10x_adc.o(i.ADC_StartCalibration) for ADC_StartCalibration
    adc.o(i.Adc_Init) refers to stm32f10x_adc.o(i.ADC_GetCalibrationStatus) for ADC_GetCalibrationStatus
    adc.o(i.Adc_Init) refers to dma.o(i.MYDMA_Config_Word) for MYDMA_Config_Word
    adc.o(i.Adc_Init) refers to stm32f10x_dma.o(i.DMA_Cmd) for DMA_Cmd
    adc.o(i.Adc_Init) refers to stm32f10x_adc.o(i.ADC_SoftwareStartConvCmd) for ADC_SoftwareStartConvCmd
    adc.o(i.Adc_Init) refers to adc.o(.bss) for ADC_ConvertedValue
    adc.o(i.Filter) refers to fflt_clz.o(x$fpl$ffltu) for __aeabi_ui2f
    adc.o(i.Filter) refers to faddsub_clz.o(x$fpl$fadd) for __aeabi_fadd
    adc.o(i.Filter) refers to fflt_clz.o(x$fpl$fflt) for __aeabi_i2f
    adc.o(i.Filter) refers to fdiv.o(x$fpl$fdiv) for __aeabi_fdiv
    adc.o(i.Filter) refers to ffixu.o(x$fpl$ffixu) for __aeabi_f2uiz
    adc.o(i.Filter) refers to adc.o(.bss) for ADC_ConvertedValue
    adc.o(i.Filter) refers to adc.o(.data) for ADC_ConvertedValueLocal
    motor.o(i.GET_DIRECT_POS) refers to adc.o(i.Filter) for Filter
    motor.o(i.GET_DIRECT_POS) refers to fflt_clz.o(x$fpl$fflt) for __aeabi_i2f
    motor.o(i.GET_DIRECT_POS) refers to dflt_clz.o(x$fpl$dflt) for __aeabi_i2d
    motor.o(i.GET_DIRECT_POS) refers to dmul.o(x$fpl$dmul) for __aeabi_dmul
    motor.o(i.GET_DIRECT_POS) refers to f2d.o(x$fpl$f2d) for __aeabi_f2d
    motor.o(i.GET_DIRECT_POS) refers to ddiv.o(x$fpl$ddiv) for __aeabi_ddiv
    motor.o(i.GET_DIRECT_POS) refers to d2f.o(x$fpl$d2f) for __aeabi_d2f
    motor.o(i.GET_DIRECT_POS) refers to fmul.o(x$fpl$fmul) for __aeabi_fmul
    motor.o(i.GET_DIRECT_POS) refers to frleqf.o(x$fpl$frleqf) for __aeabi_cfrcmple
    motor.o(i.GET_DIRECT_POS) refers to fleqf.o(x$fpl$fleqf) for __aeabi_cfcmple
    motor.o(i.GET_DIRECT_POS) refers to ffixu.o(x$fpl$ffixu) for __aeabi_f2uiz
[...]
    i.LED_Init                               0x08002354   Section        0  led.o(i.LED_Init)
    i.MOTOR_DIRECT                           0x080023a8   Section        0  motor.o(i.MOTOR_DIRECT)
    i.MOTOR_GPIO_INIT                        0x08002500   Section        0  motor.o(i.MOTOR_GPIO_INIT)
    i.MOTOR_INIT                             0x08002548   Section        0  motor.o(i.MOTOR_INIT)
    i.MOTOR_STRAIGHT                         0x080025b4   Section        0  motor.o(i.MOTOR_STRAIGHT)
    i.MYDMA_Config_Bite                      0x08002658   Section        0  dma.o(i.MYDMA_Config_Bite)
    i.MYDMA_Config_Word                      0x080026b0   Section        0  dma.o(i.MYDMA_Config_Word)
    i.MYDMA_Enable                           0x0800270a   Section        0  dma.o(i.MYDMA_Enable)
    i.MemManage_Handler                      0x0800272a   Section        0  stm32f10x_it.o(i.MemManage_Handler)
    i.Milestones                             0x08002730   Section        0  sensor.o(i.Milestones)
    i.NMI_Handler                            0x08002de0   Section        0  stm32f10x_it.o(i.NMI_Handler)
    i.NVIC_Configuration                     0x08002de2   Section        0  dma.o(i.NVIC_Configuration)
    i.NVIC_Init                              0x08002e24   Section        0  misc.o(i.NVIC_Init)
    i.NVIC_PriorityGroupConfig               0x08002e94   Section        0  misc.o(i.NVIC_PriorityGroupConfig)
    i.PID_Increment_CALC                     0x08002ea8   Section        0  pid.o(i.PID_Increment_CALC)
    i.PendSV_Handler                         0x08002ec4   Section        0  stm32f10x_it.o(i.PendSV_Handler)
    i.RCC_ADCCLKConfig                       0x08002ec8   Section        0  stm32f10x_rcc.o(i.RCC_ADCCLKConfig)
    i.RCC_AHBPeriphClockCmd                  0x08002ee0   Section        0  stm32f10x_rcc.o(i.RCC_AHBPeriphClockCmd)
    i.RCC_APB1PeriphClockCmd                 0x08002f00   Section        0  stm32f10x_rcc.o(i.RCC_APB1PeriphClockCmd)
    i.RCC_APB1PeriphResetCmd                 0x08002f20   Section        0  stm32f10x_rcc.o(i.RCC_APB1PeriphResetCmd)
    i.RCC_APB2PeriphClockCmd                 0x08002f40   Section        0  stm32f10x_rcc.o(i.RCC_APB2PeriphClockCmd)
    i.RCC_APB2PeriphResetCmd                 0x08002f60   Section        0  stm32f10x_rcc.o(i.RCC_APB2PeriphResetCmd)
    i.RCC_GetClocksFreq                      0x08002f80   Section        0  stm32f10x_rcc.o(i.RCC_GetClocksFreq)
    i.SEND_SENSOR_DATA                       0x08003054   Section        0  sensor.o(i.SEND_SENSOR_DATA)
    i.SET_MOTOR_DIR                          0x08003120   Section        0  motor.o(i.SET_MOTOR_DIR)
    i.SVC_Handler                            0x08003150   Section        0  stm32f10x_it.o(i.SVC_Handler)
    i.SetSysClock                            0x08003152   Section        0  system_stm32f10x.o(i.SetSysClock)
    SetSysClock                              0x08003153   Thumb Code     8  system_stm32f10x.o(i.SetSysClock)
    i.SetSysClockTo72                        0x0800315c   Section        0  system_stm32f10x.o(i.SetSysClockTo72)
    SetSysClockTo72                          0x0800315d   Thumb Code   214  system_stm32f10x.o(i.SetSysClockTo72)
    i.SysTick_CLKSourceConfig                0x0800323c   Section        0  misc.o(i.SysTick_CLKSourceConfig)
    i.SysTick_Handler                        0x08003264   Section        0  stm32f10x_it.o(i.SysTick_Handler)
    i.SystemInit                             0x08003268   Section        0  system_stm32f10x.o(i.SystemInit)
    i.TI1_Config                             0x080032c8   Section        0  stm32f10x_tim.o(i.TI1_Config)
    TI1_Config                               0x080032c9   Thumb Code   108  stm32f10x_tim.o(i.TI1_Config)
    i.TI2_Config                             0x08003348   Section        0  stm32f10x_tim.o(i.TI2_Config)
    TI2_Config                               0x08003349   Thumb Code   130  stm32f10x_tim.o(i.TI2_Config)
    i.TI3_Config                             0x080033e0   Section        0  stm32f10x_tim.o(i.TI3_Config)
    TI3_Config                               0x080033e1   Thumb Code   122  stm32f10x_tim.o(i.TI3_Config)
    i.TI4_Config                             0x08003470   Section        0  stm32f10x_tim.o(i.TI4_Config)
    TI4_Config                               0x08003471   Thumb Code   130  stm32f10x_tim.o(i.TI4_Config)
    i.TIM2_IRQHandler                        0x08003508   Section        0  timer.o(i.TIM2_IRQHandler)
    i.TIM3_IRQHandler                        0x08003520   Section        0  timer.o(i.TIM3_IRQHandler)
    i.TIM3_Int_Init                          0x080035e8   Section        0  timer.o(i.TIM3_Int_Init)
    i.TIM4_Mode_Config                       0x08003648   Section        0  encode.o(i.TIM4_Mode_Config)
    TIM4_Mode_Config                         0x08003649   Thumb Code   160  encode.o(i.TIM4_Mode_Config)
    i.TIM5_IRQHandler                        0x080036f0   Section        0  timer.o(i.TIM5_IRQHandler)
    i.TIM_ClearFlag                          0x080037b0   Section        0  stm32f10x_tim.o(i.TIM_ClearFlag)
    i.TIM_ClearITPendingBit                  0x080037b6   Section        0  stm32f10x_tim.o(i.TIM_ClearITPendingBit)
    i.TIM_Cmd                                0x080037bc   Section        0  stm32f10x_tim.o(i.TIM_Cmd)
    i.TIM_DeInit                             0x080037d4   Section        0  stm32f10x_tim.o(i.TIM_DeInit)
    i.TIM_EncoderInterfaceConfig             0x080039bc   Section        0  stm32f10x_tim.o(i.TIM_EncoderInterfaceConfig)
    i.TIM_GetCapture1                        0x080039fe   Section        0  stm32f10x_tim.o(i.TIM_GetCapture1)
    i.TIM_GetITStatus                        0x08003a04   Section        0  stm32f10x_tim.o(i.TIM_GetITStatus)
    i.TIM_ICInit                             0x08003a28   Section        0  stm32f10x_tim.o(i.TIM_ICInit)
    i.TIM_ICStructInit                       0x08003ad4   Section        0  stm32f10x_tim.o(i.TIM_ICStructInit)
    i.TIM_ITConfig                           0x08003ae6   Section        0  stm32f10x_tim.o(i.TIM_ITConfig)
    i.TIM_OC1PolarityConfig                  0x08003af8   Section        0  stm32f10x_tim.o(i.TIM_OC1PolarityConfig)
    i.TIM_SetCounter                         0x08003b0a   Section        0  stm32f10x_tim.o(i.TIM_SetCounter)
    i.TIM_SetIC1Prescaler                    0x08003b0e   Section        0  stm32f10x_tim.o(i.TIM_SetIC1Prescaler)
    i.TIM_SetIC2Prescaler                    0x08003b20   Section        0  stm32f10x_tim.o(i.TIM_SetIC2Prescaler)
    i.TIM_SetIC3Prescaler                    0x08003b3a   Section        0  stm32f10x_tim.o(i.TIM_SetIC3Prescaler)
    i.TIM_SetIC4Prescaler                    0x08003b4c   Section        0  stm32f10x_tim.o(i.TIM_SetIC4Prescaler)
    i.TIM_TimeBaseInit                       0x08003b68   Section        0  stm32f10x_tim.o(i.TIM_TimeBaseInit)
    i.USART1_IRQHandler                      0x08003c0c   Section        0  usart.o(i.USART1_IRQHandler)
    i.USART2_IRQHandler                      0x08003ce8   Section        0  usart.o(i.USART2_IRQHandler)
    i.USART3_IRQHandler                      0x08003cec   Section        0  usart.o(i.USART3_IRQHandler)
    i.USART_Cmd                              0x08003dc8   Section        0  stm32f10x_usart.o(i.USART_Cmd)
    i.USART_DMACmd                           0x08003de0   Section        0  stm32f10x_usart.o(i.USART_DMACmd)
    i.USART_GetITStatus                      0x08003df2   Section        0  stm32f10x_usart.o(i.USART_GetITStatus)
    i.USART_ITConfig                         0x08003e46   Section        0  stm32f10x_usart.o(i.USART_ITConfig)
    i.USART_Init                             0x08003e90   Section        0  stm32f10x_usart.o(i.USART_Init)
    i.USART_Send_Data                        0x08003f68   Section        0  usart.o(i.USART_Send_Data)
    i.UsageFault_Handler                     0x08003f8a   Section        0  stm32f10x_it.o(i.UsageFault_Handler)
    i.__ARM_fpclassify                       0x08003f8e   Section        0  fpclassify.o(i.__ARM_fpclassify)
    i.__ieee754_rem_pio2                     0x08003fb8   Section        0  rred.o(i.__ieee754_rem_pio2)
    i.__kernel_cos                           0x08004340   Section        0  cos_i.o(i.__kernel_cos)
    i.__kernel_poly                          0x0800443c   Section        0  poly.o(i.__kernel_poly)
    i.__kernel_sin                           0x080044e8   Section        0  sin_i.o(i.__kernel_sin)
    i.__mathlib_dbl_infnan                   0x080045d4   Section        0  dunder.o(i.__mathlib_dbl_infnan)
    i.__mathlib_dbl_invalid                  0x080045da   Section        0  dunder.o(i.__mathlib_dbl_invalid)
    i.__mathlib_dbl_underflow                0x080045e8   Section        0  dunder.o(i.__mathlib_dbl_underflow)
    i._sys_exit                              0x080045f8   Section        0  usart.o(i._sys_exit)
    i.cos                                    0x080045fc   Section        0  cos.o(i.cos)
    i.delay_init                             0x08004698   Section        0  delay.o(i.delay_init)
    i.delay_ms                               0x080046dc   Section        0  delay.o(i.delay_ms)
    i.delay_us                               0x08004728   Section        0  delay.o(i.delay_us)
    i.main                                   0x08004774   Section        0  main.o(i.main)
    i.medium                                 0x080047d8   Section        0  motor.o(i.medium)
    i.sin                                    0x08004868   Section        0  sin.o(i.sin)
    i.uart2_init                             0x08004908   Section        0  usart.o(i.uart2_init)
    i.uart3_init                             0x080049ac   Section        0  usart.o(i.uart3_init)
    i.uart_init                              0x08004a54   Section        0  usart.o(i.uart_init)
    x$fpl$d2f                                0x08004b1c   Section       98  d2f.o(x$fpl$d2f)
    x$fpl$dadd                               0x08004b80   Section      336  daddsub_clz.o(x$fpl$dadd)
    _dadd1                                   0x08004b91   Thumb Code     0  daddsub_clz.o(x$fpl$dadd)
    x$fpl$dcheck1                            0x08004cd0   Section       16  dcheck1.o(x$fpl$dcheck1)
    x$fpl$dcmpinf                            0x08004ce0   Section       24  dcmpi.o(x$fpl$dcmpinf)
    x$fpl$ddiv                               0x08004cf8   Section      688  ddiv.o(x$fpl$ddiv)
    ddiv_entry                               0x08004cff   Thumb Code     0  ddiv.o(x$fpl$ddiv)
    x$fpl$deqf                               0x08004fa8   Section      120  deqf.o(x$fpl$deqf)
    x$fpl$dfix                               0x08005020   Section       94  dfix.o(x$fpl$dfix)
    x$fpl$dflt                               0x0800507e   Section       46  dflt_clz.o(x$fpl$dflt)
    x$fpl$dfltu                              0x080050ac   Section       38  dflt_clz.o(x$fpl$dfltu)
    x$fpl$dmul                               0x080050d4   Section      340  dmul.o(x$fpl$dmul)
    x$fpl$dnaninf                            0x08005228   Section      156  dnaninf.o(x$fpl$dnaninf)
    x$fpl$dretinf                            0x080052c4   Section       12  dretinf.o(x$fpl$dretinf)
    x$fpl$drsb                               0x080052d0   Section       22  daddsub_clz.o(x$fpl$drsb)
    x$fpl$dsub                               0x080052e8   Section      468  daddsub_clz.o(x$fpl$dsub)
    _dsub1                                   0x080052f9   Thumb Code     0  daddsub_clz.o(x$fpl$dsub)
    x$fpl$f2d                                0x080054bc   Section       86  f2d.o(x$fpl$f2d)
    x$fpl$fadd                               0x08005514   Section      196  faddsub_clz.o(x$fpl$fadd)
    _fadd1                                   0x08005523   Thumb Code     0  faddsub_clz.o(x$fpl$fadd)
    x$fpl$fcmpinf                            0x080055d8   Section       24  fcmpi.o(x$fpl$fcmpinf)
    x$fpl$fdiv                               0x080055f0   Section      388  fdiv.o(x$fpl$fdiv)
    _fdiv1                                   0x080055f1   Thumb Code     0  fdiv.o(x$fpl$fdiv)
    x$fpl$ffix                               0x08005774   Section       54  ffix.o(x$fpl$ffix)
    x$fpl$ffixu                              0x080057ac   Section       62  ffixu.o(x$fpl$ffixu)
    x$fpl$fflt                               0x080057ec   Section       48  fflt_clz.o(x$fpl$fflt)
    x$fpl$ffltu                              0x0800581c   Section       38  fflt_clz.o(x$fpl$ffltu)
    x$fpl$fleqf                              0x08005844   Section      104  fleqf.o(x$fpl$fleqf)
    x$fpl$fmul                               0x080058ac   Section      258  fmul.o(x$fpl$fmul)
    x$fpl$fnaninf                            0x080059ae   Section      140  fnaninf.o(x$fpl$fnaninf)
    x$fpl$fretinf                            0x08005a3a   Section       10  fretinf.o(x$fpl$fretinf)
    x$fpl$frleqf                             0x08005a44   Section       98  frleqf.o(x$fpl$frleqf)
    x$fpl$fsub                               0x08005aa8   Section      234  faddsub_clz.o(x$fpl$fsub)
    _fsub1                                   0x08005ab7   Thumb Code     0  faddsub_clz.o(x$fpl$fsub)
    x$fpl$retnan                             0x08005b92   Section      100  retnan.o(x$fpl$retnan)
    x$fpl$scalbn                             0x08005bf6   Section       92  scalbn.o(x$fpl$scalbn)
    x$fpl$trapveneer                         0x08005c52   Section       48  trapv.o(x$fpl$trapveneer)
    x$fpl$usenofp                            0x08005c82   Section        0  usenofp.o(x$fpl$usenofp)
    .constdata                               0x08005c88   Section       48  cos_i.o(.constdata)
    C                                        0x08005c88   Data          48  cos_i.o(.constdata)
    .constdata                               0x08005cb8   Section      200  rred.o(.constdata)
    pio2s                                    0x08005cb8   Data          48  rred.o(.constdata)
    twooverpi                                0x08005ce8   Data         152  rred.o(.constdata)
    .constdata                               0x08005d80   Section       40  sin_i.o(.constdata)
    S                                        0x08005d80   Data          40  sin_i.o(.constdata)
    .data                                    0x20000000   Section        6  key.o(.data)
    key_filter                               0x20000000   Data           6  key.o(.data)
    .data                                    0x20000008   Section       12  adc.o(.data)
    .data                                    0x20000014   Section       34  motor.o(.data)
    .data                                    0x20000038   Section       60  sensor.o(.data)
    j                                        0x20000070   Data           4  sensor.o(.data)
    .data                                    0x20000074   Section        8  timer.o(.data)
    .data                                    0x2000007c   Section        4  hmi.o(.data)
    .data                                    0x20000080   Section        4  delay.o(.data)
    fac_us                                   0x20000080   Data           1  delay.o(.data)
    fac_ms                                   0x20000082   Data           2  delay.o(.data)
    .data                                    0x20000084   Section       18  usart.o(.data)
    reci_step                                0x20000090   Data           1  usart.o(.data)
    length                                   0x20000091   Data           1  usart.o(.data)
    i                                        0x20000092   Data           1  usart.o(.data)
    rece_step                                0x20000093   Data           1  usart.o(.data)
    len                                      0x20000094   Data           1  usart.o(.data)
    j                                        0x20000095   Data           1  usart.o(.data)
    .data                                    0x20000096   Section        1  main.o(.data)
    key_code                                 0x20000096   Data           1  main.o(.data)
    .data                                    0x20000098   Section       20  system_stm32f10x.o(.data)
    .data                                    0x200000ac   Section       20  stm32f10x_rcc.o(.data)
    APBAHBPrescTable                         0x200000ac   Data          16  stm32f10x_rcc.o(.data)
    ADCPrescTable                            0x200000bc   Data           4  stm32f10x_rcc.o(.data)
    .bss                                     0x200000c0   Section      200  adc.o(.bss)
    .bss                                     0x20000188   Section      211  sensor.o(.bss)
    .bss                                     0x2000025c   Section      708  hmi.o(.bss)
    M_MAIN                                   0x20000274   Data          28  hmi.o(.bss)
    M_MENU                                   0x20000290   Data         224  hmi.o(.bss)
    para_status                              0x20000370   Data          16  hmi.o(.bss)
    para_power                               0x20000380   Data          16  hmi.o(.bss)
    para_theta                               0x20000390   Data          16  hmi.o(.bss)
    para_encoder                             0x200003a0   Data          64  hmi.o(.bss)
    para_omga                                0x200003e0   Data          32  hmi.o(.bss)
    para_distance                            0x20000400   Data          64  hmi.o(.bss)
    para_imu                                 0x20000440   Data         144  hmi.o(.bss)
    para_control                             0x200004d0   Data          80  hmi.o(.bss)
    .bss                                     0x20000520   Section       36  pid.o(.bss)
    .bss                                     0x20000544   Section      400  usart.o(.bss)
    .bss                                     0x200006d4   Section      400  main.o(.bss)
    .bss                                     0x20000864   Section       96  libspace.o(.bss)
    HEAP                                     0x200008c8   Section      512  startup_stm32f10x_hd.o(HEAP)
    Heap_Mem                                 0x200008c8   Data         512  startup_stm32f10x_hd.o(HEAP)
    STACK                                    0x20000ac8   Section     1024  startup_stm32f10x_hd.o(STACK)
    Stack_Mem                                0x20000ac8   Data        1024  startup_stm32f10x_hd.o(STACK)
    __initial_sp                             0x20000ec8   Data           0  startup_stm32f10x_hd.o(STACK)

    Global Symbols

    Symbol Name                              Value     Ov Type        Size  Object(Section)

    BuildAttributes$$THM_ISAv4$P$D$K$B$S$PE$A:L22UL41UL21$X:L11$S22US41US21$IEEE1$IW$USESV6$~STKCKD$USESV7$~SHL$OTIME$ROPI$IEEEX$EBA8$UX$STANDARDLIB$REQ8$PRES8$EABIv2 0x00000000   Number         0  anon$$obj.o ABSOLUTE
    __ARM_use_no_argv                        0x00000000   Number         0  main.o ABSOLUTE
    __ARM_exceptions_init                     - Undefined Weak Reference
    __alloca_initialize                       - Undefined Weak Reference
    __arm_preinit_                            - Undefined Weak Reference
    __cpp_initialize__aeabi_                  - Undefined Weak Reference
    __cxa_finalize                            - Undefined Weak Reference
    __rt_locale                               - Undefined Weak Reference
    __sigvec_lookup                           - Undefined Weak Reference
    _atexit_init                              - Undefined Weak Reference
    _call_atexit_fns                          - Undefined Weak Reference
    _clock_init                               - Undefined Weak Reference
    _fp_trap_init                             - Undefined Weak Reference
    _fp_trap_shutdown                         - Undefined Weak Reference
    _get_lc_collate                           - Undefined Weak Reference
    _get_lc_ctype                             - Undefined Weak Reference
    _get_lc_monetary                          - Undefined Weak Reference
    _get_lc_numeric                           - Undefined Weak Reference
    _get_lc_time                              - Undefined Weak Reference
    _getenv_init                              - Undefined Weak Reference
    _handle_redirection                       - Undefined Weak Reference
    _init_alloc                               - Undefined Weak Reference
    _init_user_alloc                          - Undefined Weak Reference
    _initio                                   - Undefined Weak Reference
    _rand_init                                - Undefined Weak Reference
    _signal_finish                            - Undefined Weak Reference
    _signal_init                              - Undefined Weak Reference
    _terminate_alloc                          - Undefined Weak Reference
    _terminate_user_alloc                     - Undefined Weak Reference
    _terminateio                              - Undefined Weak Reference
    __Vectors_Size                           0x00000130   Number         0  startup_stm32f10x_hd.o ABSOLUTE
    __Vectors                                0x08000000   Data           4  startup_stm32f10x_hd.o(RESET)
    __Vectors_End                            0x08000130   Data           0  startup_stm32f10x_hd.o(RESET)
    __main                                   0x08000131   Thumb Code     8  __main.o(!!!main)
    __scatterload                            0x08000139   Thumb Code     0  __scatter.o(!!!scatter)
    __scatterload_rt2                        0x08000139   Thumb Code    44  __scatter.o(!!!scatter)
    __scatterload_rt2_thumb_only             0x08000139   Thumb Code     0  __scatter.o(!!!scatter)
    __scatterload_null                       0x08000147   Thumb Code     0  __scatter.o(!!!scatter)
    __scatterload_copy                       0x0800016d   Thumb Code    26  __scatter_copy.o(!!handler_copy)
    __scatterload_zeroinit                   0x08000189   Thumb Code    28  __scatter_zi.o(!!handler_zi)
    __rt_lib_init                            0x080001a5   Thumb Code     0  libinit.o(.ARM.Collect$$libinit$$00000000)
    __rt_lib_init_alloca_1                   0x080001a7   Thumb Code     0  libinit2.o(.ARM.Collect$$libinit$$0000002E)
    __rt_lib_init_argv_1                     0x080001a7   Thumb Code     0  libinit2.o(.ARM.Collect$$libinit$$0000002C)
    __rt_lib_init_atexit_1                   0x080001a7   Thumb Code     0  libinit2.o(.ARM.Collect$$libinit$$0000001B)
    __rt_lib_init_clock_1                    0x080001a7   Thumb Code     0  libinit2.o(.ARM.Collect$$libinit$$00000021)
    __rt_lib_init_cpp_1                      0x080001a7   Thumb Code     0  libinit2.o(.ARM.Collect$$libinit$$00000032)
    __rt_lib_init_exceptions_1               0x080001a7   Thumb Code     0  libinit2.o(.ARM.Collect$$libinit$$00000030)
    __rt_lib_init_fp_1                       0x080001a7   Thumb Code     0  libinit2.o(.ARM.Collect$$libinit$$00000002)
    __rt_lib_init_fp_trap_1                  0x080001a7   Thumb Code     0  libinit2.o(.ARM.Collect$$libinit$$0000001F)
    __rt_lib_init_getenv_1                   0x080001a7   Thumb Code     0  libinit2.o(.ARM.Collect$$libinit$$00000023)
    __rt_lib_init_heap_1                     0x080001a7   Thumb Code     0  libinit2.o(.ARM.Collect$$libinit$$0000000A)
    __rt_lib_init_lc_collate_1               0x080001a7   Thumb Code     0  libinit2.o(.ARM.Collect$$libinit$$00000011)
    __rt_lib_init_lc_ctype_1                 0x080001a7   Thumb Code     0  libinit2.o(.ARM.Collect$$libinit$$00000013)
    __rt_lib_init_lc_monetary_1              0x080001a7   Thumb Code     0  libinit2.o(.ARM.Collect$$libinit$$00000015)
    __rt_lib_init_lc_numeric_1               0x080001a7   Thumb Code     0  libinit2.o(.ARM.Collect$$libinit$$00000017)
    __rt_lib_init_lc_time_1                  0x080001a7   Thumb Code     0  libinit2.o(.ARM.Collect$$libinit$$00000019)
    __rt_lib_init_preinit_1                  0x080001a7   Thumb Code     0  libinit2.o(.ARM.Collect$$libinit$$00000004)
    __rt_lib_init_rand_1                     0x080001a7   Thumb Code     0  libinit2.o(.ARM.Collect$$libinit$$0000000E)
    __rt_lib_init_return                     0x080001a7   Thumb Code     0  libinit2.o(.ARM.Collect$$libinit$$00000033)
    __rt_lib_init_signal_1                   0x080001a7   Thumb Code     0  libinit2.o(.ARM.Collect$$libinit$$0000001D)
    __rt_lib_init_stdio_1                    0x080001a7   Thumb Code     0  libinit2.o(.ARM.Collect$$libinit$$00000025)
    __rt_lib_init_user_alloc_1               0x080001a7   Thumb Code     0  libinit2.o(.ARM.Collect$$libinit$$0000000C)
    __rt_lib_shutdown                        0x080001a9   Thumb Code     0  libshutdown.o(.ARM.Collect$$libshutdown$$00000000)
    __rt_lib_shutdown_cpp_1                  0x080001ab   Thumb Code     0  libshutdown2.o(.ARM.Collect$$libshutdown$$00000002)
    __rt_lib_shutdown_fp_trap_1              0x080001ab   Thumb Code     0  libshutdown2.o(.ARM.Collect$$libshutdown$$00000007)
    __rt_lib_shutdown_heap_1                 0x080001ab   Thumb Code     0  libshutdown2.o(.ARM.Collect$$libshutdown$$0000000F)
    __rt_lib_shutdown_return                 0x080001ab   Thumb Code     0  libshutdown2.o(.ARM.Collect$$libshutdown$$00000010)
    __rt_lib_shutdown_signal_1               0x080001ab   Thumb Code     0  libshutdown2.o(.ARM.Collect$$libshutdown$$0000000A)
    __rt_lib_shutdown_stdio_1                0x080001ab   Thumb Code     0  libshutdown2.o(.ARM.Collect$$libshutdown$$00000004)
    __rt_lib_shutdown_user_alloc_1           0x080001ab   Thumb Code     0  libshutdown2.o(.ARM.Collect$$libshutdown$$0000000C)
    __rt_entry                               0x080001ad   Thumb Code     0  __rtentry.o(.ARM.Collect$$rtentry$$00000000)
    __rt_entry_presh_1                       0x080001ad   Thumb Code     0  __rtentry2.o(.ARM.Collect$$rtentry$$00000002)
    __rt_entry_sh                            0x080001ad   Thumb Code     0  __rtentry4.o(.ARM.Collect$$rtentry$$00000004)
    __rt_entry_li                            0x080001b3   Thumb Code     0  __rtentry2.o(.ARM.Collect$$rtentry$$0000000A)
    __rt_entry_postsh_1                      0x080001b3   Thumb Code     0  __rtentry2.o(.ARM.Collect$$rtentry$$00000009)
    __rt_entry_main                          0x080001b7   Thumb Code     0  __rtentry2.o(.ARM.Collect$$rtentry$$0000000D)
    __rt_entry_postli_1                      0x080001b7   Thumb Code     0  __rtentry2.o(.ARM.Collect$$rtentry$$0000000C)
    __rt_exit                                0x080001bf   Thumb Code     0  rtexit.o(.ARM.Collect$$rtexit$$00000000)
    __rt_exit_ls                             0x080001c1   Thumb Code     0  rtexit2.o(.ARM.Collect$$rtexit$$00000003)
    __rt_exit_prels_1                        0x080001c1   Thumb Code     0  rtexit2.o(.ARM.Collect$$rtexit$$00000002)
    __rt_exit_exit                           0x080001c5   Thumb Code     0  rtexit2.o(.ARM.Collect$$rtexit$$00000004)
    Reset_Handler                            0x080001cd   Thumb Code     8  startup_stm32f10x_hd.o(.text)
    ADC1_2_IRQHandler                        0x080001e7   Thumb Code     0  startup_stm32f10x_hd.o(.text)
    ADC3_IRQHandler                          0x080001e7   Thumb Code     0  startup_stm32f10x_hd.o(.text)
    CAN1_RX1_IRQHandler                      0x080001e7   Thumb Code     0  startup_stm32f10x_hd.o(.text)
    CAN1_SCE_IRQHandler                      0x080001e7   Thumb Code     0  startup_stm32f10x_hd.o(.text)
    DMA1_Channel2_IRQHandler                 0x080001e7   Thumb Code     0  startup_stm32f10x_hd.o(.text)
    DMA1_Channel3_IRQHandler                 0x080001e7   Thumb Code     0  startup_stm32f10x_hd.o(.text)
    DMA1_Channel5_IRQHandler                 0x080001e7   Thumb Code     0  startup_stm32f10x_hd.o(.text)
    DMA1_Channel6_IRQHandler                 0x080001e7   Thumb Code     0  startup_stm32f10x_hd.o(.text)
    DMA1_Channel7_IRQHandler                 0x080001e7   Thumb Code     0  startup_stm32f10x_hd.o(.text)
    DMA2_Channel1_IRQHandler                 0x080001e7   Thumb Code     0  startup_stm32f10x_hd.o(.text)
    DMA2_Channel2_IRQHandler                 0x080001e7   Thumb Code     0  startup_stm32f10x_hd.o(.text)
    DMA2_Channel3_IRQHandler                 0x080001e7   Thumb Code     0  startup_stm32f10x_hd.o(.text)
    DMA2_Channel4_5_IRQHandler               0x080001e7   Thumb Code     0  startup_stm32f10x_hd.o(.text)
    EXTI15_10_IRQHandler                     0x080001e7   Thumb Code     0  startup_stm32f10x_hd.o(.text)
    EXTI1_IRQHandler                         0x080001e7   Thumb Code     0  startup_stm32f10x_hd.o(.text)
    EXTI9_5_IRQHandler                       0x080001e7   Thumb Code     0  startup_stm32f10x_hd.o(.text)
    FLASH_IRQHandler                         0x080001e7   Thumb Code     0  startup_stm32f10x_hd.o(.text)
    FSMC_IRQHandler                          0x080001e7   Thumb Code     0  startup_stm32f10x_hd.o(.text)
    I2C1_ER_IRQHandler                       0x080001e7   Thumb Code     0  startup_stm32f10x_hd.o(.text)
    I2C1_EV_IRQHandler                       0x080001e7   Thumb Code     0  startup_stm32f10x_hd.o(.text)
    I2C2_ER_IRQHandler                       0x080001e7   Thumb Code     0  startup_stm32f10x_hd.o(.text)
    I2C2_EV_IRQHandler                       0x080001e7   Thumb Code     0  startup_stm32f10x_hd.o(.text)
    PVD_IRQHandler                           0x080001e7   Thumb Code     0  startup_stm32f10x_hd.o(.text)
    RCC_IRQHandler                           0x080001e7   Thumb Code     0  startup_stm32f10x_hd.o(.text)
    RTCAlarm_IRQHandler                      0x080001e7   Thumb Code     0  startup_stm32f10x_hd.o(.text)
    RTC_IRQHandler                           0x080001e7   Thumb Code     0  startup_stm32f10x_hd.o(.text)
    SDIO_IRQHandler                          0x080001e7   Thumb Code     0  startup_stm32f10x_hd.o(.text)
    SPI1_IRQHandler                          0x080001e7   Thumb Code     0  startup_stm32f10x_hd.o(.text)
    SPI2_IRQHandler                          0x080001e7   Thumb Code     0  startup_stm32f10x_hd.o(.text)
    SPI3_IRQHandler                          0x080001e7   Thumb Code     0  startup_stm32f10x_hd.o(.text)
    TAMPER_IRQHandler                        0x080001e7   Thumb Code     0  startup_stm32f10x_hd.o(.text)
    TIM1_BRK_IRQHandler                      0x080001e7   Thumb Code     0  startup_stm32f10x_hd.o(.text)
    TIM1_CC_IRQHandler                       0x080001e7   Thumb Code     0  startup_stm32f10x_hd.o(.text)
    TIM1_TRG_COM_IRQHandler                  0x080001e7   Thumb Code     0  startup_stm32f10x_hd.o(.text)
    TIM1_UP_IRQHandler                       0x080001e7   Thumb Code     0  startup_stm32f10x_hd.o(.text)
    TIM4_IRQHandler                          0x080001e7   Thumb Code     0  startup_stm32f10x_hd.o(.text)
    TIM6_IRQHandler                          0x080001e7   Thumb Code     0  startup_stm32f10x_hd.o(.text)
    TIM7_IRQHandler                          0x080001e7   Thumb Code     0  startup_stm32f10x_hd.o(.text)
    TIM8_BRK_IRQHandler                      0x080001e7   Thumb Code     0  startup_stm32f10x_hd.o(.text)
    TIM8_CC_IRQHandler                       0x080001e7   Thumb Code     0  startup_stm32f10x_hd.o(.text)
    TIM8_TRG_COM_IRQHandler                  0x080001e7   Thumb Code     0  startup_stm32f10x_hd.o(.text)
    TIM8_UP_IRQHandler                       0x080001e7   Thumb Code     0  startup_stm32f10x_hd.o(.text)
    UART4_IRQHandler                         0x080001e7   Thumb Code     0  startup_stm32f10x_hd.o(.text)
    UART5_IRQHandler                         0x080001e7   Thumb Code     0  startup_stm32f10x_hd.o(.text)
    USBWakeUp_IRQHandler                     0x080001e7   Thumb Code     0  startup_stm32f10x_hd.o(.text)
    USB_HP_CAN1_TX_IRQHandler                0x080001e7   Thumb Code     0  startup_stm32f10x_hd.o(.text)
    USB_LP_CAN1_RX0_IRQHandler               0x080001e7   Thumb Code     0  startup_stm32f10x_hd.o(.text)
    WWDG_IRQHandler                          0x080001e7   Thumb Code     0  startup_stm32f10x_hd.o(.text)
    __user_initial_stackheap                 0x080001e9   Thumb Code     0  startup_stm32f10x_hd.o(.text)
    __use_no_semihosting                     0x0800020d   Thumb Code     2  use_no_semi_2.o(.text)
    __use_two_region_memory                  0x0800020f   Thumb Code     2  heapauxi.o(.text)
    __rt_heap_escrow$2region                 0x08000211   Thumb Code     2  heapauxi.o(.text)
    __rt_heap_expand$2region                 0x08000213   Thumb Code     2  heapauxi.o(.text)
    __I$use$semihosting                      0x08000215   Thumb Code     0  use_no_semi.o(.text)
    __use_no_semihosting_swi                 0x08000215   Thumb Code     2  use_no_semi.o(.text)
    __read_errno                             0x08000217   Thumb Code    10  _rserrno.o(.text)
    __set_errno                              0x08000221   Thumb Code    12  _rserrno.o(.text)
    __aeabi_errno_addr                       0x0800022d   Thumb Code     8  rt_errno_addr_intlibspace.o(.text)
    __errno$intlibspace                      0x0800022d   Thumb Code     0  rt_errno_addr_intlibspace.o(.text)
    __rt_errno_addr$intlibspace              0x0800022d   Thumb Code     0  rt_errno_addr_intlibspace.o(.text)
    __user_libspace                          0x08000235   Thumb Code     8  libspace.o(.text)
    __user_perproc_libspace                  0x08000235   Thumb Code     0  libspace.o(.text)
    __user_perthread_libspace                0x08000235   Thumb Code     0  libspace.o(.text)
    __user_setup_stackheap                   0x0800023d   Thumb Code    74  sys_stackheap_outer.o(.text)
    exit                                     0x08000287   Thumb Code    18  exit.o(.text)
    ADC_Cmd                                  0x08000299   Thumb Code    22  stm32f10x_adc.o(i.ADC_Cmd)
    ADC_DMACmd                               0x080002af   Thumb Code    22  stm32f10x_adc.o(i.ADC_DMACmd)
    ADC_DeInit                               0x080002c5   Thumb Code    78  stm32f10x_adc.o(i.ADC_DeInit)
    ADC_GetCalibrationStatus                 0x08000321   Thumb Code    20  stm32f10x_adc.o(i.ADC_GetCalibrationStatus)
    ADC_GetResetCalibrationStatus            0x08000335   Thumb Code    20  stm32f10x_adc.o(i.ADC_GetResetCalibrationStatus)
    ADC_Init                                 0x08000349   Thumb Code    70  stm32f10x_adc.o(i.ADC_Init)
    ADC_RegularChannelConfig                 0x08000399   Thumb Code   184  stm32f10x_adc.o(i.ADC_RegularChannelConfig)
    ADC_ResetCalibration                     0x08000451   Thumb Code    10  stm32f10x_adc.o(i.ADC_ResetCalibration)
    ADC_SoftwareStartConvCmd                 0x0800045b   Thumb Code    22  stm32f10x_adc.o(i.ADC_SoftwareStartConvCmd)
    ADC_StartCalibration                     0x08000471   Thumb Code    10  stm32f10x_adc.o(i.ADC_StartCalibration)
    Adc_Init                                 0x0800047d   Thumb Code   174  adc.o(i.Adc_Init)
    BusFault_Handler                         0x08000539   Thumb Code     4  stm32f10x_it.o(i.BusFault_Handler)
    CAN_FilterInit                           0x0800053d   Thumb Code   258  stm32f10x_can.o(i.CAN_FilterInit)
    CAN_Init                                 0x08000645   Thumb Code   276  stm32f10x_can.o(i.CAN_Init)
    CAN_Mode_Init                            0x08000759   Thumb Code   200  can.o(i.CAN_Mode_Init)
    CAN_Transmit                             0x08000829   Thumb Code   294  stm32f10x_can.o(i.CAN_Transmit)
    CAN_TransmitStatus                       0x08000951   Thumb Code   138  stm32f10x_can.o(i.CAN_TransmitStatus)
    Can_Send_Msg                             0x080009f1   Thumb Code   110  can.o(i.Can_Send_Msg)
    DMA1_Channel1_IRQHandler                 0x08000a65   Thumb Code    26  dma.o(i.DMA1_Channel1_IRQHandler)
    DMA1_Channel4_IRQHandler                 0x08000a85   Thumb Code    32  dma.o(i.DMA1_Channel4_IRQHandler)
    DMA_ClearITPendingBit                    0x08000aa9   Thumb Code    18  stm32f10x_dma.o(i.DMA_ClearITPendingBit)
    DMA_Cmd                                  0x08000ac5   Thumb Code    24  stm32f10x_dma.o(i.DMA_Cmd)
    DMA_DeInit                               0x08000add   Thumb Code   324  stm32f10x_dma.o(i.DMA_DeInit)
    DMA_GetITStatus                          0x08000c29   Thumb Code    36  stm32f10x_dma.o(i.DMA_GetITStatus)
    DMA_ITConfig                             0x08000c55   Thumb Code    18  stm32f10x_dma.o(i.DMA_ITConfig)
    DMA_Init                                 0x08000c67   Thumb Code    60  stm32f10x_dma.o(i.DMA_Init)
    DMA_SetCurrDataCounter                   0x08000ca3   Thumb Code     4  stm32f10x_dma.o(i.DMA_SetCurrDataCounter)
    DebugMon_Handler                         0x08000ca7   Thumb Code     2  stm32f10x_it.o(i.DebugMon_Handler)
    EVENT_PROCESS                            0x08000ca9   Thumb Code   262  main.o(i.EVENT_PROCESS)
    EXTI0_IRQHandler                         0x08000dc5   Thumb Code    24  exti.o(i.EXTI0_IRQHandler)
    EXTI2_IRQHandler                         0x08000de1   Thumb Code    24  exti.o(i.EXTI2_IRQHandler)
    EXTI3_IRQHandler                         0x08000dfd   Thumb Code    42  exti.o(i.EXTI3_IRQHandler)
    EXTI4_IRQHandler                         0x08000e31   Thumb Code    24  exti.o(i.EXTI4_IRQHandler)
    EXTIX_Init                               0x08000e4d   Thumb Code   232  exti.o(i.EXTIX_Init)
    EXTI_ClearITPendingBit                   0x08000f35   Thumb Code     6  stm32f10x_exti.o(i.EXTI_ClearITPendingBit)
    EXTI_Init                                0x08000f41   Thumb Code   142  stm32f10x_exti.o(i.EXTI_Init)
    Encoder_Init                             0x08000fd5   Thumb Code     8  encode.o(i.Encoder_Init)
    Filter                                   0x08000fdd   Thumb Code    92  adc.o(i.Filter)
    GET_DIRECT_POS                           0x08001045   Thumb Code   144  motor.o(i.GET_DIRECT_POS)
    GET_SENSOR_DATA                          0x080010f5   Thumb Code    24  sensor.o(i.GET_SENSOR_DATA)
    GPIO_EXTILineConfig                      0x08001115   Thumb Code    60  stm32f10x_gpio.o(i.GPIO_EXTILineConfig)
    GPIO_Init                                0x08001155   Thumb Code   278  stm32f10x_gpio.o(i.GPIO_Init)
    GPIO_PinRemapConfig                      0x0800126d   Thumb Code   138  stm32f10x_gpio.o(i.GPIO_PinRemapConfig)
    GPIO_ReadInputDataBit                    0x080012fd   Thumb Code    18  stm32f10x_gpio.o(i.GPIO_ReadInputDataBit)
    GPIO_ResetBits                           0x0800130f   Thumb Code     4  stm32f10x_gpio.o(i.GPIO_ResetBits)
    GPIO_SetBits                             0x08001313   Thumb Code     4  stm32f10x_gpio.o(i.GPIO_SetBits)
    GPIO_Write                               0x08001317   Thumb Code     4  stm32f10x_gpio.o(i.GPIO_Write)
    Get_mpu9250                              0x0800131d   Thumb Code   174  sensor.o(i.Get_mpu9250)
    Get_power                                0x080013dd   Thumb Code    50  sensor.o(i.Get_power)
    HMI_CONTROL_CALLBACK                     0x08001419   Thumb Code   220  hmi.o(i.HMI_CONTROL_CALLBACK)
    HMI_INIT                                 0x080014fd   Thumb Code  1396  hmi.o(i.HMI_INIT)
    HMI_KEY_CALLBACK                         0x08001a91   Thumb Code   454  hmi.o(i.HMI_KEY_CALLBACK)
    HMI_KEY_EVENT                            0x08001c5d   Thumb Code    76  hmi.o(i.HMI_KEY_EVENT)
    HMI_PRINT_FLOAT                          0x08001cad   Thumb Code   172  hmi.o(i.HMI_PRINT_FLOAT)
    HMI_PRINT_NUM                            0x08001d61   Thumb Code   152  hmi.o(i.HMI_PRINT_NUM)
    HMI_PRINT_PARA                           0x08001dfd   Thumb Code    80  hmi.o(i.HMI_PRINT_PARA)
    HMI_PRINT_STR                            0x08001e4d   Thumb Code    68  hmi.o(i.HMI_PRINT_STR)
    HMI_REFRESH                              0x08001e95   Thumb Code   376  hmi.o(i.HMI_REFRESH)
    HardFault_Handler                        0x08002015   Thumb Code     4  stm32f10x_it.o(i.HardFault_Handler)
    KEY_Init                                 0x08002019   Thumb Code    66  key.o(i.KEY_Init)
    KEY_Scan                                 0x08002069   Thumb Code   212  key.o(i.KEY_Scan)
    LCD1602_GPIO_Configuration               0x0800214d   Thumb Code    66  lcd1602.o(i.LCD1602_GPIO_Configuration)
    LCD1602_Init                             0x08002199   Thumb Code    52  lcd1602.o(i.LCD1602_Init)
    LCD1602_Set_Cursor                       0x080021f5   Thumb Code    28  lcd1602.o(i.LCD1602_Set_Cursor)
    LCD1602_Show_Str                         0x08002211   Thumb Code    34  lcd1602.o(i.LCD1602_Show_Str)
    LCD1602_Show_char                        0x08002233   Thumb Code    24  lcd1602.o(i.LCD1602_Show_char)
    LCD1602_Wait_Ready                       0x0800224d   Thumb Code    70  lcd1602.o(i.LCD1602_Wait_Ready)
    LCD1602_Write_Cmd                        0x080022a1   Thumb Code    74  lcd1602.o(i.LCD1602_Write_Cmd)
    LCD1602_Write_Dat                        0x080022f5   Thumb Code    74  lcd1602.o(i.LCD1602_Write_Dat)
    LCD1602_clear                            0x08002349   Thumb Code    10  lcd1602.o(i.LCD1602_clear)
    LED_Init                                 0x08002355   Thumb Code    72  led.o(i.LED_Init)
    MOTOR_DIRECT                             0x080023a9   Thumb Code   294  motor.o(i.MOTOR_DIRECT)
    MOTOR_GPIO_INIT                          0x08002501   Thumb Code    62  motor.o(i.MOTOR_GPIO_INIT)
    MOTOR_INIT                               0x08002549   Thumb Code    88  motor.o(i.MOTOR_INIT)
    MOTOR_STRAIGHT                           0x080025b5   Thumb Code   146  motor.o(i.MOTOR_STRAIGHT)
    MYDMA_Config_Bite                        0x08002659   Thumb Code    88  dma.o(i.MYDMA_Config_Bite)
    MYDMA_Config_Word                        0x080026b1   Thumb Code    90  dma.o(i.MYDMA_Config_Word)
    MYDMA_Enable                             0x0800270b   Thumb Code    32  dma.o(i.MYDMA_Enable)
    MemManage_Handler                        0x0800272b   Thumb Code     4  stm32f10x_it.o(i.MemManage_Handler)
    Milestones                               0x08002731   Thumb Code  1644  sensor.o(i.Milestones)
    NMI_Handler                              0x08002de1   Thumb Code     2  stm32f10x_it.o(i.NMI_Handler)
    NVIC_Configuration                       0x08002de3   Thumb Code    66  dma.o(i.NVIC_Configuration)
    NVIC_Init                                0x08002e25   Thumb Code   100  misc.o(i.NVIC_Init)
    NVIC_PriorityGroupConfig                 0x08002e95   Thumb Code    10  misc.o(i.NVIC_PriorityGroupConfig)
    PID_Increment_CALC                       0x08002ea9   Thumb Code    28  pid.o(i.PID_Increment_CALC)
    PendSV_Handler                           0x08002ec5   Thumb Code     2  stm32f10x_it.o(i.PendSV_Handler)
    RCC_ADCCLKConfig                         0x08002ec9   Thumb Code    18  stm32f10x_rcc.o(i.RCC_ADCCLKConfig)
    RCC_AHBPeriphClockCmd                    0x08002ee1   Thumb Code    26  stm32f10x_rcc.o(i.RCC_AHBPeriphClockCmd)
    RCC_APB1PeriphClockCmd                   0x08002f01   Thumb Code    26  stm32f10x_rcc.o(i.RCC_APB1PeriphClockCmd)
    RCC_APB1PeriphResetCmd                   0x08002f21   Thumb Code    26  stm32f10x_rcc.o(i.RCC_APB1PeriphResetCmd)
    RCC_APB2PeriphClockCmd                   0x08002f41   Thumb Code    26  stm32f10x_rcc.o(i.RCC_APB2PeriphClockCmd)
    RCC_APB2PeriphResetCmd                   0x08002f61   Thumb Code    26  stm32f10x_rcc.o(i.RCC_APB2PeriphResetCmd)
    RCC_GetClocksFreq                        0x08002f81   Thumb Code   192  stm32f10x_rcc.o(i.RCC_GetClocksFreq)
    SEND_SENSOR_DATA                         0x08003055   Thumb Code   180  sensor.o(i.SEND_SENSOR_DATA)
    SET_MOTOR_DIR                            0x08003121   Thumb Code    36  motor.o(i.SET_MOTOR_DIR)
    SVC_Handler                              0x08003151   Thumb Code     2  stm32f10x_it.o(i.SVC_Handler)
    SysTick_CLKSourceConfig                  0x0800323d   Thumb Code    40  misc.o(i.SysTick_CLKSourceConfig)
    SysTick_Handler                          0x08003265   Thumb Code     2  stm32f10x_it.o(i.SysTick_Handler)
    SystemInit                               0x08003269   Thumb Code    78  system_stm32f10x.o(i.SystemInit)
    TIM2_IRQHandler                          0x08003509   Thumb Code    22  timer.o(i.TIM2_IRQHandler)
    TIM3_IRQHandler                          0x08003521   Thumb Code   180  timer.o(i.TIM3_IRQHandler)
    TIM3_Int_Init                            0x080035e9   Thumb Code    90  timer.o(i.TIM3_Int_Init)
    TIM5_IRQHandler                          0x080036f1   Thumb Code   178  timer.o(i.TIM5_IRQHandler)
    TIM_ClearFlag                            0x080037b1   Thumb Code     6  stm32f10x_tim.o(i.TIM_ClearFlag)
    TIM_ClearITPendingBit                    0x080037b7   Thumb Code     6  stm32f10x_tim.o(i.TIM_ClearITPendingBit)
    TIM_Cmd                                  0x080037bd   Thumb Code    24  stm32f10x_tim.o(i.TIM_Cmd)
    TIM_DeInit                               0x080037d5   Thumb Code   424  stm32f10x_tim.o(i.TIM_DeInit)
    TIM_EncoderInterfaceConfig               0x080039bd   Thumb Code    66  stm32f10x_tim.o(i.TIM_EncoderInterfaceConfig)
    TIM_GetCapture1                          0x080039ff   Thumb Code     6  stm32f10x_tim.o(i.TIM_GetCapture1)
    TIM_GetITStatus                          0x08003a05   Thumb Code    34  stm32f10x_tim.o(i.TIM_GetITStatus)
    TIM_ICInit                               0x08003a29   Thumb Code   150  stm32f10x_tim.o(i.TIM_ICInit)
    TIM_ICStructInit                         0x08003ad5   Thumb Code    18  stm32f10x_tim.o(i.TIM_ICStructInit)
    TIM_ITConfig                             0x08003ae7   Thumb Code    18  stm32f10x_tim.o(i.TIM_ITConfig)
    TIM_OC1PolarityConfig                    0x08003af9   Thumb Code    18  stm32f10x_tim.o(i.TIM_OC1PolarityConfig)
    TIM_SetCounter                           0x08003b0b   Thumb Code     4  stm32f10x_tim.o(i.TIM_SetCounter)
    TIM_SetIC1Prescaler                      0x08003b0f   Thumb Code    18  stm32f10x_tim.o(i.TIM_SetIC1Prescaler)
    TIM_SetIC2Prescaler                      0x08003b21   Thumb Code    26  stm32f10x_tim.o(i.TIM_SetIC2Prescaler)
    TIM_SetIC3Prescaler                      0x08003b3b   Thumb Code    18  stm32f10x_tim.o(i.TIM_SetIC3Prescaler)
    TIM_SetIC4Prescaler                      0x08003b4d   Thumb Code    26  stm32f10x_tim.o(i.TIM_SetIC4Prescaler)
    TIM_TimeBaseInit                         0x08003b69   Thumb Code   122  stm32f10x_tim.o(i.TIM_TimeBaseInit)
    USART1_IRQHandler                        0x08003c0d   Thumb Code   194  usart.o(i.USART1_IRQHandler)
    USART2_IRQHandler                        0x08003ce9   Thumb Code     2  usart.o(i.USART2_IRQHandler)
    USART3_IRQHandler                        0x08003ced   Thumb Code   194  usart.o(i.USART3_IRQHandler)
    USART_Cmd                                0x08003dc9   Thumb Code    24  stm32f10x_usart.o(i.USART_Cmd)
    USART_DMACmd                             0x08003de1   Thumb Code    18  stm32f10x_usart.o(i.USART_DMACmd)
    USART_GetITStatus                        0x08003df3   Thumb Code    84  stm32f10x_usart.o(i.USART_GetITStatus)
    USART_ITConfig                           0x08003e47   Thumb Code    74  stm32f10x_usart.o(i.USART_ITConfig)
    USART_Init                               0x08003e91   Thumb Code   210  stm32f10x_usart.o(i.USART_Init)
    USART_Send_Data                          0x08003f69   Thumb Code    34  usart.o(i.USART_Send_Data)
    UsageFault_Handler                       0x08003f8b   Thumb Code     4  stm32f10x_it.o(i.UsageFault_Handler)
    __ARM_fpclassify                         0x08003f8f   Thumb Code    40  fpclassify.o(i.__ARM_fpclassify)
    __ieee754_rem_pio2                       0x08003fb9   Thumb Code   828  rred.o(i.__ieee754_rem_pio2)
    __kernel_cos                             0x08004341   Thumb Code   230  cos_i.o(i.__kernel_cos)
    __kernel_poly                            0x0800443d   Thumb Code   170  poly.o(i.__kernel_poly)
    __kernel_sin                             0x080044e9   Thumb Code   224  sin_i.o(i.__kernel_sin)
    __mathlib_dbl_infnan                     0x080045d5   Thumb Code     6  dunder.o(i.__mathlib_dbl_infnan)
    __mathlib_dbl_invalid                    0x080045db   Thumb Code    12  dunder.o(i.__mathlib_dbl_invalid)
    __mathlib_dbl_underflow                  0x080045e9   Thumb Code    10  dunder.o(i.__mathlib_dbl_underflow)
    _sys_exit                                0x080045f9   Thumb Code     4  usart.o(i._sys_exit)
    cos                                      0x080045fd   Thumb Code   148  cos.o(i.cos)
    delay_init                               0x08004699   Thumb Code    50  delay.o(i.delay_init)
    delay_ms                                 0x080046dd   Thumb Code    72  delay.o(i.delay_ms)
    delay_us                                 0x08004729   Thumb Code    72  delay.o(i.delay_us)
    main                                     0x08004775   Thumb Code   100  main.o(i.main)
    medium                                   0x080047d9   Thumb Code   144  motor.o(i.medium)
    sin                                      0x08004869   Thumb Code   150  sin.o(i.sin)
    uart2_init                               0x08004909   Thumb Code   154  usart.o(i.uart2_init)
    uart3_init                               0x080049ad   Thumb Code   160  usart.o(i.uart3_init)
    uart_init                                0x08004a55   Thumb Code   184  usart.o(i.uart_init)
    __aeabi_d2f                              0x08004b1d   Thumb Code     0  d2f.o(x$fpl$d2f)
    _d2f                                     0x08004b1d   Thumb Code    98  d2f.o(x$fpl$d2f)
    __aeabi_dadd                             0x08004b81   Thumb Code     0  daddsub_clz.o(x$fpl$dadd)
    _dadd                                    0x08004b81   Thumb Code   332  daddsub_clz.o(x$fpl$dadd)
    __fpl_dcheck_NaN1                        0x08004cd1   Thumb Code    10  dcheck1.o(x$fpl$dcheck1)
    __fpl_dcmp_Inf                           0x08004ce1   Thumb Code    24  dcmpi.o(x$fpl$dcmpinf)
    __aeabi_ddiv                             0x08004cf9   Thumb Code     0  ddiv.o(x$fpl$ddiv)
    _ddiv                                    0x08004cf9   Thumb Code   552  ddiv.o(x$fpl$ddiv)
    __aeabi_cdcmpeq                          0x08004fa9   Thumb Code     0  deqf.o(x$fpl$deqf)
    _dcmpeq                                  0x08004fa9   Thumb Code   120  deqf.o(x$fpl$deqf)
    __aeabi_d2iz                             0x08005021   Thumb Code     0  dfix.o(x$fpl$dfix)
    _dfix                                    0x08005021   Thumb Code    94  dfix.o(x$fpl$dfix)
    __aeabi_i2d                              0x0800507f   Thumb Code     0  dflt_clz.o(x$fpl$dflt)
    _dflt                                    0x0800507f   Thumb Code    46  dflt_clz.o(x$fpl$dflt)
    __aeabi_ui2d                             0x080050ad   Thumb Code     0  dflt_clz.o(x$fpl$dfltu)
    _dfltu                                   0x080050ad   Thumb Code    38  dflt_clz.o(x$fpl$dfltu)
    __aeabi_dmul                             0x080050d5   Thumb Code     0  dmul.o(x$fpl$dmul)
    _dmul                                    0x080050d5   Thumb Code   332  dmul.o(x$fpl$dmul)
    __fpl_dnaninf                            0x08005229   Thumb Code   156  dnaninf.o(x$fpl$dnaninf)
    __fpl_dretinf                            0x080052c5   Thumb Code    12  dretinf.o(x$fpl$dretinf)
    __aeabi_drsub                            0x080052d1   Thumb Code     0  daddsub_clz.o(x$fpl$drsb)
    _drsb                                    0x080052d1   Thumb Code    22  daddsub_clz.o(x$fpl$drsb)
    __aeabi_dsub                             0x080052e9   Thumb Code     0  daddsub_clz.o(x$fpl$dsub)
    _dsub                                    0x080052e9   Thumb Code   464  daddsub_clz.o(x$fpl$dsub)
    __aeabi_f2d                              0x080054bd   Thumb Code     0  f2d.o(x$fpl$f2d)
    _f2d                                     0x080054bd   Thumb Code    86  f2d.o(x$fpl$f2d)
    __aeabi_fadd                             0x08005515   Thumb Code     0  faddsub_clz.o(x$fpl$fadd)
    _fadd                                    0x08005515   Thumb Code   196  faddsub_clz.o(x$fpl$fadd)
    __fpl_fcmp_Inf                           0x080055d9   Thumb Code    24  fcmpi.o(x$fpl$fcmpinf)
    __aeabi_fdiv                             0x080055f1   Thumb Code     0  fdiv.o(x$fpl$fdiv)
    _fdiv                                    0x080055f1   Thumb Code   384  fdiv.o(x$fpl$fdiv)
    __aeabi_f2iz                             0x08005775   Thumb Code     0  ffix.o(x$fpl$ffix)
    _ffix                                    0x08005775   Thumb Code    54  ffix.o(x$fpl$ffix)
    __aeabi_f2uiz                            0x080057ad   Thumb Code     0  ffixu.o(x$fpl$ffixu)
    _ffixu                                   0x080057ad   Thumb Code    62  ffixu.o(x$fpl$ffixu)
    __aeabi_i2f                              0x080057ed   Thumb Code     0  fflt_clz.o(x$fpl$fflt)
    _fflt                                    0x080057ed   Thumb Code    48  fflt_clz.o(x$fpl$fflt)
    __aeabi_ui2f                             0x0800581d   Thumb Code     0  fflt_clz.o(x$fpl$ffltu)
    _ffltu                                   0x0800581d   Thumb Code    38  fflt_clz.o(x$fpl$ffltu)
    __aeabi_cfcmple                          0x08005845   Thumb Code     0  fleqf.o(x$fpl$fleqf)
    _fcmple                                  0x08005845   Thumb Code   104  fleqf.o(x$fpl$fleqf)
    __fpl_fcmple_InfNaN                      0x08005897   Thumb Code     0  fleqf.o(x$fpl$fleqf)
    __aeabi_fmul                             0x080058ad   Thumb Code     0  fmul.o(x$fpl$fmul)
    _fmul                                    0x080058ad   Thumb Code   258  fmul.o(x$fpl$fmul)
    __fpl_fnaninf                            0x080059af   Thumb Code   140  fnaninf.o(x$fpl$fnaninf)
    __fpl_fretinf                            0x08005a3b   Thumb Code    10  fretinf.o(x$fpl$fretinf)
    __aeabi_cfrcmple                         0x08005a45   Thumb Code     0  frleqf.o(x$fpl$frleqf)
    _frcmple                                 0x08005a45   Thumb Code    98  frleqf.o(x$fpl$frleqf)
    __aeabi_fsub                             0x08005aa9   Thumb Code     0  faddsub_clz.o(x$fpl$fsub)
    _fsub                                    0x08005aa9   Thumb Code   234  faddsub_clz.o(x$fpl$fsub)
    __fpl_return_NaN                         0x08005b93   Thumb Code   100  retnan.o(x$fpl$retnan)
    __ARM_scalbn                             0x08005bf7   Thumb Code    92  scalbn.o(x$fpl$scalbn)
    __fpl_cmpreturn                          0x08005c53   Thumb Code    48  trapv.o(x$fpl$trapveneer)
    __I$use$fp                               0x08005c82   Number         0  usenofp.o(x$fpl$usenofp)
    Region$$Table$$Base                      0x08005da8   Number         0  anon$$obj.o(Region$$Table)
    Region$$Table$$Limit                     0x08005dc8   Number         0  anon$$obj.o(Region$$Table)
    ADC_ConvertedValueLocal                  0x20000008   Data           8  adc.o(.data)
    N                                        0x20000010   Data           4  adc.o(.data)
    adc_r                                    0x20000014   Data           2  motor.o(.data)
    adc_m                                    0x20000016   Data           2  motor.o(.data)
    adc_l                                    0x20000018   Data           2  motor.o(.data)
    canbuf_turn                              0x2000001a   Data           2  motor.o(.data)
    canbuf_straight                          0x2000001c   Data           2  motor.o(.data)
    canbuf_revise                            0x2000001e   Data           8  motor.o(.data)
    canbuf_abile                             0x20000026   Data           8  motor.o(.data)
    canbuf_disabile                          0x2000002e   Data           8  motor.o(.data)
    alpha                                    0x20000038   Data           4  sensor.o(.data)
    beta                                     0x2000003c   Data           4  sensor.o(.data)
    vf                                       0x20000040   Data           4  sensor.o(.data)
    vv                                       0x20000044   Data           4  sensor.o(.data)
    theta                                    0x20000048   Data           4  sensor.o(.data)
    vx                                       0x2000004c   Data           4  sensor.o(.data)
    vy                                       0x20000050   Data           4  sensor.o(.data)
    delta_x                                  0x20000054   Data           4  sensor.o(.data)
    delta_y                                  0x20000058   Data           4  sensor.o(.data)
    delta_th                                 0x2000005c   Data           4  sensor.o(.data)
    w                                        0x20000060   Data           4  sensor.o(.data)
    PI                                       0x20000064   Data           4  sensor.o(.data)
    delta_t                                  0x20000068   Data           4  sensor.o(.data)
    l                                        0x2000006c   Data           4  sensor.o(.data)
    SYS_TIME                                 0x20000074   Data           4  timer.o(.data)
    TIM5CH1_CAPTURE_STA                      0x20000078   Data           1  timer.o(.data)
    TIM5CH1_CAPTURE_VAL                      0x2000007a   Data           2  timer.o(.data)
    count                                    0x2000007c   Data           4  hmi.o(.data)
    USART1_RX_STA                            0x20000084   Data           2  usart.o(.data)
    SYS_EVENT                                0x20000086   Data           2  usart.o(.data)
    USART3_RX_STA                            0x20000088   Data           2  usart.o(.data)
    __stdout                                 0x2000008c   Data           4  usart.o(.data)
    SystemCoreClock                          0x20000098   Data           4  system_stm32f10x.o(.data)
    AHBPrescTable                            0x2000009c   Data          16  system_stm32f10x.o(.data)
    ADC_ConvertedValue                       0x200000c0   Data         200  adc.o(.bss)
    SENSOR_DATA                              0x20000188   Data          92  sensor.o(.bss)
    SendBuff                                 0x200001e4   Data         119  sensor.o(.bss)
    hmi_1602                                 0x2000025c   Data          24  hmi.o(.bss)
    PID_steer                                0x20000520   Data          36  pid.o(.bss)
    USART1_RX_BUF                            0x20000544   Data         200  usart.o(.bss)
    USART3_RX_BUF                            0x2000060c   Data         200  usart.o(.bss)
    delta                                    0x200006d4   Data         400  main.o(.bss)
    __libspace_start                         0x20000864   Data          96  libspace.o(.bss)
    __temporary_stack_top$libspace           0x200008c4   Data           0  libspace.o(.bss)



==============================================================================

Memory Map of the image

  Image Entry point : 0x08000131

  Load Region LR_IROM1 (Base: 0x08000000, Size: 0x00005e88, Max: 0x00080000, ABSOLUTE)

    Execution Region ER_IROM1 (Base: 0x08000000, Size: 0x00005dc8, Max: 0x00080000, ABSOLUTE)

    Base Addr    Size         Type   Attr      Idx    E Section Name        Object

    0x08000000   0x00000130   Data   RO          962    RESET               startup_stm32f10x_hd.o
    0x08000130   0x00000008   Code   RO         3940  * !!!main             c_w.l(__main.o)
    0x08000138   0x00000034   Code   RO         4229    !!!scatter          c_w.l(__scatter.o)
    0x0800016c   0x0000001a   Code   RO         4231    !!handler_copy      c_w.l(__scatter_copy.o)
    0x08000186   0x00000002   PAD
    0x08000188   0x0000001c   Code   RO         4233    !!handler_zi        c_w.l(__scatter_zi.o)
    0x080001a4   0x00000002   Code   RO         4100    .ARM.Collect$$libinit$$00000000  c_w.l(libinit.o)
    0x080001a6   0x00000000   Code   RO         4106    .ARM.Collect$$libinit$$00000002  c_w.l(libinit2.o)
    0x080001a6   0x00000000   Code   RO         4108    .ARM.Collect$$libinit$$00000004  c_w.l(libinit2.o)
    0x080001a6   0x00000000   Code   RO         4111    .ARM.Collect$$libinit$$0000000A  c_w.l(libinit2.o)
    0x080001a6   0x00000000   Code   RO         4113    .ARM.Collect$$libinit$$0000000C  c_w.l(libinit2.o)
    0x080001a6   0x00000000   Code   RO         4115    .ARM.Collect$$libinit$$0000000E  c_w.l(libinit2.o)
    0x080001a6   0x00000000   Code   RO         4118    .ARM.Collect$$libinit$$00000011  c_w.l(libinit2.o)
    0x080001a6   0x00000000   Code   RO         4120    .ARM.Collect$$libinit$$00000013  c_w.l(libinit2.o)
    0x080001a6   0x00000000   Code   RO         4122    .ARM.Collect$$libinit$$00000015  c_w.l(libinit2.o)
    0x080001a6   0x00000000   Code   RO         4124    .ARM.Collect$$libinit$$00000017  c_w.l(libinit2.o)
    0x080001a6   0x00000000   Code   RO         4126    .ARM.Collect$$libinit$$00000019  c_w.l(libinit2.o)
    0x080001a6   0x00000000   Code   RO         4128    .ARM.Collect$$libinit$$0000001B  c_w.l(libinit2.o)
    0x080001a6   0x00000000   Code   RO         4130    .ARM.Collect$$libinit$$0000001D  c_w.l(libinit2.o)
    0x080001a6   0x00000000   Code   RO         4132    .ARM.Collect$$libinit$$0000001F  c_w.l(libinit2.o)
    0x080001a6   0x00000000   Code   RO         4134    .ARM.Collect$$libinit$$00000021  c_w.l(libinit2.o)
    0x080001a6   0x00000000   Code   RO         4136    .ARM.Collect$$libinit$$00000023  c_w.l(libinit2.o)
    0x080001a6   0x00000000   Code   RO         4138    .ARM.Collect$$libinit$$00000025  c_w.l(libinit2.o)
    0x080001a6   0x00000000   Code   RO         4142    .ARM.Collect$$libinit$$0000002C  c_w.l(libinit2.o)
    0x080001a6   0x00000000   Code   RO         4144    .ARM.Collect$$libinit$$0000002E  c_w.l(libinit2.o)
    0x080001a6   0x00000000   Code   RO         4146    .ARM.Collect$$libinit$$00000030  c_w.l(libinit2.o)
    0x080001a6   0x00000000   Code   RO         4148    .ARM.Collect$$libinit$$00000032  c_w.l(libinit2.o)
    0x080001a6   0x00000002   Code   RO         4149    .ARM.Collect$$libinit$$00000033  c_w.l(libinit2.o)
    0x080001a8   0x00000002   Code   RO         4171    .ARM.Collect$$libshutdown$$00000000  c_w.l(libshutdown.o)
    0x080001aa   0x00000000   Code   RO         4181    .ARM.Collect$$libshutdown$$00000002  c_w.l(libshutdown2.o)
    0x080001aa   0x00000000   Code   RO         4183    .ARM.Collect$$libshutdown$$00000004  c_w.l(libshutdown2.o)
    0x080001aa   0x00000000   Code   RO         4186    .ARM.Collect$$libshutdown$$00000007  c_w.l(libshutdown2.o)
    0x080001aa   0x00000000   Code   RO         4189    .ARM.Collect$$libshutdown$$0000000A  c_w.l(libshutdown2.o)
    0x080001aa   0x00000000   Code   RO         4191    .ARM.Collect$$libshutdown$$0000000C  c_w.l(libshutdown2.o)
    0x080001aa   0x00000000   Code   RO         4194    .ARM.Collect$$libshutdown$$0000000F  c_w.l(libshutdown2.o)
    0x080001aa   0x00000002   Code   RO         4195    .ARM.Collect$$libshutdown$$00000010  c_w.l(libshutdown2.o)
    0x080001ac   0x00000000   Code   RO         4008    .ARM.Collect$$rtentry$$00000000  c_w.l(__rtentry.o)
    0x080001ac   0x00000000   Code   RO         4053    .ARM.Collect$$rtentry$$00000002  c_w.l(__rtentry2.o)
    0x080001ac   0x00000006   Code   RO         4065    .ARM.Collect$$rtentry$$00000004  c_w.l(__rtentry4.o)
    0x080001b2   0x00000000   Code   RO         4055    .ARM.Collect$$rtentry$$00000009  c_w.l(__rtentry2.o)
    0x080001b2   0x00000004   Code   RO         4056    .ARM.Collect$$rtentry$$0000000A  c_w.l(__rtentry2.o)
    0x080001b6   0x00000000   Code   RO         4058    .ARM.Collect$$rtentry$$0000000C  c_w.l(__rtentry2.o)
    0x080001b6   0x00000008   Code   RO         4059    .ARM.Collect$$rtentry$$0000000D  c_w.l(__rtentry2.o)
    0x080001be   0x00000002   Code   RO         4103    .ARM.Collect$$rtexit$$00000000  c_w.l(rtexit.o)
    0x080001c0   0x00000000   Code   RO         4153    .ARM.Collect$$rtexit$$00000002  c_w.l(rtexit2.o)
    0x080001c0   0x00000004   Code   RO         4154    .ARM.Collect$$rtexit$$00000003  c_w.l(rtexit2.o)
    0x080001c4   0x00000006   Code   RO         4155    .ARM.Collect$$rtexit$$00000004  c_w.l(rtexit2.o)
    0x080001ca   0x00000002   PAD
    0x080001cc   0x00000040   Code   RO          963    .text               startup_stm32f10x_hd.o
    0x0800020c   0x00000002   Code   RO         3936    .text               c_w.l(use_no_semi_2.o)
    0x0800020e   0x00000006   Code   RO         3938    .text               c_w.l(heapauxi.o)
    0x08000214   0x00000002   Code   RO         4006    .text               c_w.l(use_no_semi.o)
    0x08000216   0x00000016   Code   RO         4009    .text               c_w.l(_rserrno.o)
    0x0800022c   0x00000008   Code   RO         4070    .text               c_w.l(rt_errno_addr_intlibspace.o)
    0x08000234   0x00000008   Code   RO         4088    .text               c_w.l(libspace.o)
    0x0800023c   0x0000004a   Code   RO         4091    .text               c_w.l(sys_stackheap_outer.o)
    0x08000286   0x00000012   Code   RO         4093    .text               c_w.l(exit.o)
    0x08000298   0x00000016   Code   RO         1009    i.ADC_Cmd           stm32f10x_adc.o
    0x080002ae   0x00000016   Code   RO         1010    i.ADC_DMACmd        stm32f10x_adc.o
    0x080002c4   0x0000005c   Code   RO         1011    i.ADC_DeInit        stm32f10x_adc.o
    0x08000320   0x00000014   Code   RO         1017    i.ADC_GetCalibrationStatus  stm32f10x_adc.o
    0x08000334   0x00000014   Code   RO         1023    i.ADC_GetResetCalibrationStatus  stm32f10x_adc.o
    0x08000348   0x00000050   Code   RO         1027    i.ADC_Init          stm32f10x_adc.o
    0x08000398   0x000000b8   Code   RO         1031    i.ADC_RegularChannelConfig  stm32f10x_adc.o
    0x08000450   0x0000000a   Code   RO         1032    i.ADC_ResetCalibration  stm32f10x_adc.o
    0x0800045a   0x00000016   Code   RO         1034    i.ADC_SoftwareStartConvCmd  stm32f10x_adc.o
    0x08000470   0x0000000a   Code   RO         1036    i.ADC_StartCalibration  stm32f10x_adc.o
    0x0800047a   0x00000002   PAD
    0x0800047c   0x000000bc   Code   RO          179    i.Adc_Init          adc.o
    0x08000538   0x00000004   Code   RO          827    i.BusFault_Handler  stm32f10x_it.o
    0x0800053c   0x00000108   Code   RO         1309    i.CAN_FilterInit    stm32f10x_can.o
    0x08000644   0x00000114   Code   RO         1316    i.CAN_Init          stm32f10x_can.o
    0x08000758   0x000000d0   Code   RO          614    i.CAN_Mode_Init     can.o
    0x08000828   0x00000126   Code   RO         1324    i.CAN_Transmit      stm32f10x_can.o
    0x0800094e   0x00000002   PAD
    0x08000950   0x000000a0   Code   RO         1325    i.CAN_TransmitStatus  stm32f10x_can.o
    0x080009f0   0x00000074   Code   RO          616    i.Can_Send_Msg      can.o
    0x08000a64   0x00000020   Code   RO          505    i.DMA1_Channel1_IRQHandler  dma.o
    0x08000a84   0x00000024   Code   RO          506    i.DMA1_Channel4_IRQHandler  dma.o
    0x08000aa8   0x0000001c   Code   RO         1693    i.DMA_ClearITPendingBit  stm32f10x_dma.o
    0x08000ac4   0x00000018   Code   RO         1694    i.DMA_Cmd           stm32f10x_dma.o
    0x08000adc   0x0000014c   Code   RO         1695    i.DMA_DeInit        stm32f10x_dma.o
    0x08000c28   0x0000002c   Code   RO         1698    i.DMA_GetITStatus   stm32f10x_dma.o
    0x08000c54   0x00000012   Code   RO         1699    i.DMA_ITConfig      stm32f10x_dma.o
    0x08000c66   0x0000003c   Code   RO         1700    i.DMA_Init          stm32f10x_dma.o
    0x08000ca2   0x00000004   Code   RO         1701    i.DMA_SetCurrDataCounter  stm32f10x_dma.o
    0x08000ca6   0x00000002   Code   RO          828    i.DebugMon_Handler  stm32f10x_it.o
    0x08000ca8   0x0000011c   Code   RO          801    i.EVENT_PROCESS     main.o
    0x08000dc4   0x0000001c   Code   RO          140    i.EXTI0_IRQHandler  exti.o
    0x08000de0   0x0000001c   Code   RO          141    i.EXTI2_IRQHandler  exti.o
    0x08000dfc   0x00000034   Code   RO          142    i.EXTI3_IRQHandler  exti.o
    0x08000e30   0x0000001c   Code   RO          143    i.EXTI4_IRQHandler  exti.o
    0x08000e4c   0x000000e8   Code   RO          144    i.EXTIX_Init        exti.o
    0x08000f34   0x0000000c   Code   RO         1765    i.EXTI_ClearITPendingBit  stm32f10x_exti.o
    0x08000f40   0x00000094   Code   RO         1770    i.EXTI_Init         stm32f10x_exti.o
    0x08000fd4   0x00000008   Code   RO          407    i.Encoder_Init      encode.o
    0x08000fdc   0x00000068   Code   RO          180    i.Filter            adc.o
    0x08001044   0x000000b0   Code   RO          207    i.GET_DIRECT_POS    motor.o
    0x080010f4   0x00000020   Code   RO          289    i.GET_SENSOR_DATA   sensor.o
    0x08001114   0x00000040   Code   RO         2115    i.GPIO_EXTILineConfig  stm32f10x_gpio.o
    0x08001154   0x00000116   Code   RO         2118    i.GPIO_Init         stm32f10x_gpio.o
    0x0800126a   0x00000002   PAD
    0x0800126c   0x00000090   Code   RO         2120    i.GPIO_PinRemapConfig  stm32f10x_gpio.o
    0x080012fc   0x00000012   Code   RO         2122    i.GPIO_ReadInputDataBit  stm32f10x_gpio.o
    0x0800130e   0x00000004   Code   RO         2125    i.GPIO_ResetBits    stm32f10x_gpio.o
    0x08001312   0x00000004   Code   RO         2126    i.GPIO_SetBits      stm32f10x_gpio.o
    0x08001316   0x00000004   Code   RO         2128    i.GPIO_Write        stm32f10x_gpio.o
    0x0800131a   0x00000002   PAD
    0x0800131c   0x000000c0   Code   RO          290    i.Get_mpu9250       sensor.o
    0x080013dc   0x0000003c   Code   RO          291    i.Get_power         sensor.o
    0x08001418   0x000000e4   Code   RO          547    i.HMI_CONTROL_CALLBACK  hmi.o
    0x080014fc   0x00000594   Code   RO          548    i.HMI_INIT          hmi.o
    0x08001a90   0x000001cc   Code   RO          549    i.HMI_KEY_CALLBACK  hmi.o
    0x08001c5c   0x00000050   Code   RO          550    i.HMI_KEY_EVENT     hmi.o
    0x08001cac   0x000000b4   Code   RO          551    i.HMI_PRINT_FLOAT   hmi.o
    0x08001d60   0x0000009c   Code   RO          552    i.HMI_PRINT_NUM     hmi.o
    0x08001dfc   0x00000050   Code   RO          553    i.HMI_PRINT_PARA    hmi.o
    0x08001e4c   0x00000048   Code   RO          554    i.HMI_PRINT_STR     hmi.o
    0x08001e94   0x00000180   Code   RO          555    i.HMI_REFRESH       hmi.o
    0x08002014   0x00000004   Code   RO          829    i.HardFault_Handler  stm32f10x_it.o
    0x08002018   0x00000050   Code   RO          107    i.KEY_Init          key.o
    0x08002068   0x000000e4   Code   RO          108    i.KEY_Scan          key.o
    0x0800214c   0x0000004c   Code   RO          429    i.LCD1602_GPIO_Configuration  lcd1602.o
    0x08002198   0x0000005c   Code   RO          430    i.LCD1602_Init      lcd1602.o
    0x080021f4   0x0000001c   Code   RO          431    i.LCD1602_Set_Cursor  lcd1602.o
    0x08002210   0x00000022   Code   RO          432    i.LCD1602_Show_Str  lcd1602.o
    0x08002232   0x00000018   Code   RO          433    i.LCD1602_Show_char  lcd1602.o
    0x0800224a   0x00000002   PAD
    0x0800224c   0x00000054   Code   RO          434    i.LCD1602_Wait_Ready  lcd1602.o
    0x080022a0   0x00000054   Code   RO          435    i.LCD1602_Write_Cmd  lcd1602.o
    0x080022f4   0x00000054   Code   RO          436    i.LCD1602_Write_Dat  lcd1602.o
    0x08002348   0x0000000a   Code   RO          437    i.LCD1602_clear     lcd1602.o
    0x08002352   0x00000002   PAD
    0x08002354   0x00000054   Code   RO            1    i.LED_Init          led.o
    0x080023a8   0x00000158   Code   RO          209    i.MOTOR_DIRECT      motor.o
    0x08002500   0x00000048   Code   RO          210    i.MOTOR_GPIO_INIT   motor.o
    0x08002548   0x0000006c   Code   RO          211    i.MOTOR_INIT        motor.o
    0x080025b4   0x000000a4   Code   RO          212    i.MOTOR_STRAIGHT    motor.o
    0x08002658   0x00000058   Code   RO          507    i.MYDMA_Config_Bite  dma.o
    0x080026b0   0x0000005a   Code   RO          508    i.MYDMA_Config_Word  dma.o
    0x0800270a   0x00000020   Code   RO          509    i.MYDMA_Enable      dma.o
    0x0800272a   0x00000004   Code   RO          830    i.MemManage_Handler  stm32f10x_it.o
    0x0800272e   0x00000002   PAD
    0x08002730   0x000006b0   Code   RO          292    i.Milestones        sensor.o
    0x08002de0   0x00000002   Code   RO          831    i.NMI_Handler       stm32f10x_it.o
    0x08002de2   0x00000042   Code   RO          510    i.NVIC_Configuration  dma.o
    0x08002e24   0x00000070   Code   RO          967    i.NVIC_Init         misc.o
    0x08002e94   0x00000014   Code   RO          968    i.NVIC_PriorityGroupConfig  misc.o
    0x08002ea8   0x0000001c   Code   RO          639    i.PID_Increment_CALC  pid.o
    0x08002ec4   0x00000002   Code   RO          832    i.PendSV_Handler    stm32f10x_it.o
    0x08002ec6   0x00000002   PAD
    0x08002ec8   0x00000018   Code   RO         2532    i.RCC_ADCCLKConfig  stm32f10x_rcc.o
    0x08002ee0   0x00000020   Code   RO         2533    i.RCC_AHBPeriphClockCmd  stm32f10x_rcc.o
    0x08002f00   0x00000020   Code   RO         2534    i.RCC_APB1PeriphClockCmd  stm32f10x_rcc.o
    0x08002f20   0x00000020   Code   RO         2535    i.RCC_APB1PeriphResetCmd  stm32f10x_rcc.o
    0x08002f40   0x00000020   Code   RO         2536    i.RCC_APB2PeriphClockCmd  stm32f10x_rcc.o
    0x08002f60   0x00000020   Code   RO         2537    i.RCC_APB2PeriphResetCmd  stm32f10x_rcc.o
    0x08002f80   0x000000d4   Code   RO         2544    i.RCC_GetClocksFreq  stm32f10x_rcc.o
    0x08003054   0x000000cc   Code   RO          293    i.SEND_SENSOR_DATA  sensor.o
    0x08003120   0x00000030   Code   RO          213    i.SET_MOTOR_DIR     motor.o
    0x08003150   0x00000002   Code   RO          833    i.SVC_Handler       stm32f10x_it.o
    0x08003152   0x00000008   Code   RO          916    i.SetSysClock       system_stm32f10x.o
    0x0800315a   0x00000002   PAD
    0x0800315c   0x000000e0   Code   RO          917    i.SetSysClockTo72   system_stm32f10x.o
    0x0800323c   0x00000028   Code   RO          971    i.SysTick_CLKSourceConfig  misc.o
    0x08003264   0x00000002   Code   RO          834    i.SysTick_Handler   stm32f10x_it.o
    0x08003266   0x00000002   PAD
    0x08003268   0x00000060   Code   RO          919    i.SystemInit        system_stm32f10x.o
    0x080032c8   0x00000080   Code   RO         3152    i.TI1_Config        stm32f10x_tim.o
    0x08003348   0x00000098   Code   RO         3153    i.TI2_Config        stm32f10x_tim.o
    0x080033e0   0x00000090   Code   RO         3154    i.TI3_Config        stm32f10x_tim.o
    0x08003470   0x00000098   Code   RO         3155    i.TI4_Config        stm32f10x_tim.o
    0x08003508   0x00000016   Code   RO          348    i.TIM2_IRQHandler   timer.o
    0x0800351e   0x00000002   PAD
    0x08003520   0x000000c8   Code   RO          351    i.TIM3_IRQHandler   timer.o
    0x080035e8   0x00000060   Code   RO          352    i.TIM3_Int_Init     timer.o
    0x08003648   0x000000a8   Code   RO          408    i.TIM4_Mode_Config  encode.o
    0x080036f0   0x000000c0   Code   RO          354    i.TIM5_IRQHandler   timer.o
    0x080037b0   0x00000006   Code   RO         3162    i.TIM_ClearFlag     stm32f10x_tim.o
    0x080037b6   0x00000006   Code   RO         3163    i.TIM_ClearITPendingBit  stm32f10x_tim.o
    0x080037bc   0x00000018   Code   RO         3168    i.TIM_Cmd           stm32f10x_tim.o
    0x080037d4   0x000001e8   Code   RO         3173    i.TIM_DeInit        stm32f10x_tim.o
    0x080039bc   0x00000042   Code   RO         3177    i.TIM_EncoderInterfaceConfig  stm32f10x_tim.o
    0x080039fe   0x00000006   Code   RO         3183    i.TIM_GetCapture1   stm32f10x_tim.o
    0x08003a04   0x00000022   Code   RO         3189    i.TIM_GetITStatus   stm32f10x_tim.o
    0x08003a26   0x00000002   PAD
    0x08003a28   0x000000ac   Code   RO         3191    i.TIM_ICInit        stm32f10x_tim.o
    0x08003ad4   0x00000012   Code   RO         3192    i.TIM_ICStructInit  stm32f10x_tim.o
    0x08003ae6   0x00000012   Code   RO         3193    i.TIM_ITConfig      stm32f10x_tim.o
    0x08003af8   0x00000012   Code   RO         3199    i.TIM_OC1PolarityConfig  stm32f10x_tim.o
    0x08003b0a   0x00000004   Code   RO         3233    i.TIM_SetCounter    stm32f10x_tim.o
    0x08003b0e   0x00000012   Code   RO         3234    i.TIM_SetIC1Prescaler  stm32f10x_tim.o
    0x08003b20   0x0000001a   Code   RO         3235    i.TIM_SetIC2Prescaler  stm32f10x_tim.o
    0x08003b3a   0x00000012   Code   RO         3236    i.TIM_SetIC3Prescaler  stm32f10x_tim.o
    0x08003b4c   0x0000001a   Code   RO         3237    i.TIM_SetIC4Prescaler  stm32f10x_tim.o
    0x08003b66   0x00000002   PAD
    0x08003b68   0x000000a4   Code   RO         3239    i.TIM_TimeBaseInit  stm32f10x_tim.o
    0x08003c0c   0x000000dc   Code   RO          723    i.USART1_IRQHandler  usart.o
    0x08003ce8   0x00000002   Code   RO          724    i.USART2_IRQHandler  usart.o
    0x08003cea   0x00000002   PAD
    0x08003cec   0x000000dc   Code   RO          725    i.USART3_IRQHandler  usart.o
    0x08003dc8   0x00000018   Code   RO         3704    i.USART_Cmd         stm32f10x_usart.o
    0x08003de0   0x00000012   Code   RO         3705    i.USART_DMACmd      stm32f10x_usart.o
    0x08003df2   0x00000054   Code   RO         3708    i.USART_GetITStatus  stm32f10x_usart.o
    0x08003e46   0x0000004a   Code   RO         3710    i.USART_ITConfig    stm32f10x_usart.o
    0x08003e90   0x000000d8   Code   RO         3711    i.USART_Init        stm32f10x_usart.o
    0x08003f68   0x00000022   Code   RO          727    i.USART_Send_Data   usart.o
    0x08003f8a   0x00000004   Code   RO          835    i.UsageFault_Handler  stm32f10x_it.o
    0x08003f8e   0x00000028   Code   RO         4084    i.__ARM_fpclassify  m_ws.l(fpclassify.o)
    0x08003fb6   0x00000002   PAD
    0x08003fb8   0x00000388   Code   RO         4041    i.__ieee754_rem_pio2  m_ws.l(rred.o)
    0x08004340   0x000000fc   Code   RO         4024    i.__kernel_cos      m_ws.l(cos_i.o)
    0x0800443c   0x000000aa   Code   RO         4086    i.__kernel_poly     m_ws.l(poly.o)
    0x080044e6   0x00000002   PAD
    0x080044e8   0x000000ec   Code   RO         4046    i.__kernel_sin      m_ws.l(sin_i.o)
    0x080045d4   0x00000006   Code   RO         4028    i.__mathlib_dbl_infnan  m_ws.l(dunder.o)
    0x080045da   0x0000000c   Code   RO         4030    i.__mathlib_dbl_invalid  m_ws.l(dunder.o)
    0x080045e6   0x00000002   PAD
    0x080045e8   0x00000010   Code   RO         4033    i.__mathlib_dbl_underflow  m_ws.l(dunder.o)
    0x080045f8   0x00000004   Code   RO          728    i._sys_exit         usart.o
    0x080045fc   0x0000009c   Code   RO         3991    i.cos               m_ws.l(cos.o)
    0x08004698   0x00000044   Code   RO          668    i.delay_init        delay.o
    0x080046dc   0x0000004c   Code   RO          669    i.delay_ms          delay.o
    0x08004728   0x0000004c   Code   RO          670    i.delay_us          delay.o
    0x08004774   0x00000064   Code   RO          802    i.main              main.o
    0x080047d8   0x00000090   Code   RO          214    i.medium            motor.o
    0x08004868   0x000000a0   Code   RO         3999    i.sin               m_ws.l(sin.o)
    0x08004908   0x000000a4   Code   RO          730    i.uart2_init        usart.o
    0x080049ac   0x000000a8   Code   RO          731    i.uart3_init        usart.o
    0x08004a54   0x000000c8   Code   RO          732    i.uart_init         usart.o
    0x08004b1c   0x00000062   Code   RO         3942    x$fpl$d2f           fz_ws.l(d2f.o)
    0x08004b7e   0x00000002   PAD
    0x08004b80   0x00000150   Code   RO         4072    x$fpl$dadd          fz_ws.l(daddsub_clz.o)
    0x08004cd0   0x00000010   Code   RO         4101    x$fpl$dcheck1       fz_ws.l(dcheck1.o)
    0x08004ce0   0x00000018   Code   RO         4011    x$fpl$dcmpinf       fz_ws.l(dcmpi.o)
    0x08004cf8   0x000002b0   Code   RO         3945    x$fpl$ddiv          fz_ws.l(ddiv.o)
    0x08004fa8   0x00000078   Code   RO         3948    x$fpl$deqf          fz_ws.l(deqf.o)
    0x08005020   0x0000005e   Code   RO         4078    x$fpl$dfix          fz_ws.l(dfix.o)
    0x0800507e   0x0000002e   Code   RO         3951    x$fpl$dflt          fz_ws.l(dflt_clz.o)
    0x080050ac   0x00000026   Code   RO         3950    x$fpl$dfltu         fz_ws.l(dflt_clz.o)
    0x080050d2   0x00000002   PAD
    0x080050d4   0x00000154   Code   RO         3956    x$fpl$dmul          fz_ws.l(dmul.o)
    0x08005228   0x0000009c   Code   RO         4013    x$fpl$dnaninf       fz_ws.l(dnaninf.o)
    0x080052c4   0x0000000c   Code   RO         4015    x$fpl$dretinf       fz_ws.l(dretinf.o)
    0x080052d0   0x00000016   Code   RO         4073    x$fpl$drsb          fz_ws.l(daddsub_clz.o)
    0x080052e6   0x00000002   PAD
    0x080052e8   0x000001d4   Code   RO         4074    x$fpl$dsub          fz_ws.l(daddsub_clz.o)
    0x080054bc   0x00000056   Code   RO         3958    x$fpl$f2d           fz_ws.l(f2d.o)
    0x08005512   0x00000002   PAD
    0x08005514   0x000000c4   Code   RO         3960    x$fpl$fadd          fz_ws.l(faddsub_clz.o)
    0x080055d8   0x00000018   Code   RO         4017    x$fpl$fcmpinf       fz_ws.l(fcmpi.o)
    0x080055f0   0x00000184   Code   RO         3967    x$fpl$fdiv          fz_ws.l(fdiv.o)
    0x08005774   0x00000036   Code   RO         3970    x$fpl$ffix          fz_ws.l(ffix.o)
    0x080057aa   0x00000002   PAD
    0x080057ac   0x0000003e   Code   RO         3974    x$fpl$ffixu         fz_ws.l(ffixu.o)
    0x080057ea   0x00000002   PAD
    0x080057ec   0x00000030   Code   RO         3979    x$fpl$fflt          fz_ws.l(fflt_clz.o)
    0x0800581c   0x00000026   Code   RO         3978    x$fpl$ffltu         fz_ws.l(fflt_clz.o)
    0x08005842   0x00000002   PAD
    0x08005844   0x00000068   Code   RO         3984    x$fpl$fleqf         fz_ws.l(fleqf.o)
    0x080058ac   0x00000102   Code   RO         3986    x$fpl$fmul          fz_ws.l(fmul.o)
    0x080059ae   0x0000008c   Code   RO         4019    x$fpl$fnaninf       fz_ws.l(fnaninf.o)
    0x08005a3a   0x0000000a   Code   RO         4021    x$fpl$fretinf       fz_ws.l(fretinf.o)
    0x08005a44   0x00000062   Code   RO         3988    x$fpl$frleqf        fz_ws.l(frleqf.o)
    0x08005aa6   0x00000002   PAD
    0x08005aa8   0x000000ea   Code   RO         3962    x$fpl$fsub          fz_ws.l(faddsub_clz.o)
    0x08005b92   0x00000064   Code   RO         4150    x$fpl$retnan        fz_ws.l(retnan.o)
    0x08005bf6   0x0000005c   Code   RO         4082    x$fpl$scalbn        fz_ws.l(scalbn.o)
    0x08005c52   0x00000030   Code   RO         4163    x$fpl$trapveneer    fz_ws.l(trapv.o)
    0x08005c82   0x00000000   Code   RO         4023    x$fpl$usenofp       fz_ws.l(usenofp.o)
    0x08005c82   0x00000006   PAD
    0x08005c88   0x00000030   Data   RO         4025    .constdata          m_ws.l(cos_i.o)
    0x08005cb8   0x000000c8   Data   RO         4043    .constdata          m_ws.l(rred.o)
    0x08005d80   0x00000028   Data   RO         4047    .constdata          m_ws.l(sin_i.o)
    0x08005da8   0x00000020   Data   RO         4227    Region$$Table       anon$$obj.o


    Execution Region RW_IRAM1 (Base: 0x20000000, Size: 0x00000ec8, Max: 0x00010000, ABSOLUTE)

    Base Addr    Size         Type   Attr      Idx    E Section Name        Object

    0x20000000   0x00000006   Data   RW          109    .data               key.o
    0x20000006   0x00000002   PAD
    0x20000008   0x0000000c   Data   RW          182    .data               adc.o
    0x20000014   0x00000022   Data   RW          215    .data               motor.o
    0x20000036   0x00000002   PAD
    0x20000038   0x0000003c   Data   RW          296    .data               sensor.o
    0x20000074   0x00000008   Data   RW          355    .data               timer.o
    0x2000007c   0x00000004   Data   RW          557    .data               hmi.o
    0x20000080   0x00000004   Data   RW          671    .data               delay.o
    0x20000084   0x00000012   Data   RW          734    .data               usart.o
    0x20000096   0x00000001   Data   RW          804    .data               main.o
    0x20000097   0x00000001   PAD
    0x20000098   0x00000014   Data   RW          920    .data               system_stm32f10x.o
    0x200000ac   0x00000014   Data   RW         2564    .data               stm32f10x_rcc.o
    0x200000c0   0x000000c8   Zero   RW          181    .bss                adc.o
    0x20000188   0x000000d3   Zero   RW          295    .bss                sensor.o
    0x2000025b   0x00000001   PAD
    0x2000025c   0x000002c4   Zero   RW          556    .bss                hmi.o
    0x20000520   0x00000024   Zero   RW          641    .bss                pid.o
    0x20000544   0x00000190   Zero   RW          733    .bss                usart.o
    0x200006d4   0x00000190   Zero   RW          803    .bss                main.o
    0x20000864   0x00000060   Zero   RW         4089    .bss                c_w.l(libspace.o)
    0x200008c4   0x00000004   PAD
    0x200008c8   0x00000200   Zero   RW          961    HEAP                startup_stm32f10x_hd.o
    0x20000ac8   0x00000400   Zero   RW          960    STACK               startup_stm32f10x_hd.o


==============================================================================

Image component sizes


      Code (inc. data)   RO Data    RW Data    ZI Data      Debug   Object Name

       292         26          0         12        200       1811   adc.o
       324         14          0          0          0       2115   can.o
       220         26          0          4          0       1643   delay.o
       344         10          0          0          0       3786   dma.o
       176          8          0          0          0       1051   encode.o
       368         22          0          0          0       2449   exti.o
      3068        396          0          4        708       7807   hmi.o
       308         30          0          6          0       1190   key.o
       516         84          0          0          0       4869   lcd1602.o
        84         12          0          0          0     282415   led.o
       384         22          0          1        400       2143   main.o
       172         22          0          0          0       1977   misc.o
      1056        142          0         34          0       5264   motor.o
        28          0          0          0         36       1445   pid.o
      2200        210          0         60        211       4844   sensor.o
        64         26        304          0       1536        784   startup_stm32f10x_hd.o
       482         24          0          0          0       7750   stm32f10x_adc.o
       994         28          0          0          0       3748   stm32f10x_can.o
       510         26          0          0          0       5544   stm32f10x_dma.o
       160         12          0          0          0       1441   stm32f10x_exti.o
       516         10          0          0          0       5485   stm32f10x_gpio.o
        26          0          0          0          0       3522   stm32f10x_it.o
       396         56          0         20          0       6503   stm32f10x_rcc.o
      1688        214          0          0          0      13415   stm32f10x_tim.o
       416          6          0          0          0       4921   stm32f10x_usart.o
         0          0          0          0          0         32   sys.o
       328         28          0         20          0       1985   system_stm32f10x.o
       510         40          0          8          0       2533   timer.o
      1012         98          0         18        400       6888   usart.o

    ----------------------------------------------------------------------
     16670       1592        336        192       3492     389360   Object Totals
         0          0         32          0          0          0   (incl. Generated)
        28          0          0          5          1          0   (incl. Padding)

    ----------------------------------------------------------------------

      Code (inc. data)   RO Data    RW Data    ZI Data      Debug   Library Member Name

         8          0          0          0          0         68   __main.o
         0          0          0          0          0          0   __rtentry.o
        12          0          0          0          0          0   __rtentry2.o
         6          0          0          0          0          0   __rtentry4.o
        52          8          0          0          0          0   __scatter.o
        26          0          0          0          0          0   __scatter_copy.o
        28          0          0          0          0          0   __scatter_zi.o
        22          0          0          0          0        100   _rserrno.o
        18          0          0          0          0         80   exit.o
         6          0          0          0          0        152   heapauxi.o
         2          0          0          0          0          0   libinit.o
         2          0          0          0          0          0   libinit2.o
         2          0          0          0          0          0   libshutdown.o
         2          0          0          0          0          0   libshutdown2.o
         8          4          0          0         96         68   libspace.o
         8          4          0          0          0         68   rt_errno_addr_intlibspace.o
         2          0          0          0          0          0   rtexit.o
        10          0          0          0          0          0   rtexit2.o
        74          0          0          0          0         80   sys_stackheap_outer.o
         2          0          0          0          0         68   use_no_semi.o
         2          0          0          0          0         68   use_no_semi_2.o
        98          4          0          0          0         92   d2f.o
       826         16          0          0          0        348   daddsub_clz.o
        16          4          0          0          0         68   dcheck1.o
        24          0          0          0          0         68   dcmpi.o
       688        140          0          0          0        208   ddiv.o
       120          4          0          0          0         92   deqf.o
        94          4          0          0          0         92   dfix.o
        84          0          0          0          0        136   dflt_clz.o
       340         12          0          0          0        104   dmul.o
       156          4          0          0          0         92   dnaninf.o
        12          0          0          0          0         68   dretinf.o
        86          4          0          0          0         84   f2d.o
       430          8          0          0          0        168   faddsub_clz.o
        24          0          0          0          0         68   fcmpi.o
       388         76          0          0          0         96   fdiv.o
        54          4          0          0          0         84   ffix.o
        62          4          0          0          0         84   ffixu.o
        86          0          0          0          0        136   fflt_clz.o
       104          4          0          0          0         84   fleqf.o
       258          4          0          0          0         84   fmul.o
       140          4          0          0          0         84   fnaninf.o
        10          0          0          0          0         68   fretinf.o
        98          0          0          0          0         68   frleqf.o
       100          0          0          0          0         68   retnan.o
        92          0          0          0          0         68   scalbn.o
        48          0          0          0          0         68   trapv.o
         0          0          0          0          0          0   usenofp.o
       156          8          0          0          0        104   cos.o
       252         22         48          0          0        124   cos_i.o
        34          6          0          0          0        204   dunder.o
        40          0          0          0          0         68   fpclassify.o
       170          0          0          0          0         96   poly.o
       904         76        200          0          0        140   rred.o
       160         10          0          0          0        108   sin.o
       236         12         40          0          0        128   sin_i.o

    ----------------------------------------------------------------------
      6714        446        288          0        100       4404   Library Totals
        32          0          0          0          4          0   (incl. Padding)

    ----------------------------------------------------------------------

      Code (inc. data)   RO Data    RW Data    ZI Data      Debug   Library Name

       292         16          0          0         96        752   c_w.l
      4438        296          0          0          0       2680   fz_ws.l
      1952        134        288          0          0        972   m_ws.l

    ----------------------------------------------------------------------
      6714        446        288          0        100       4404   Library Totals

    ----------------------------------------------------------------------

==============================================================================


      Code (inc. data)   RO Data    RW Data    ZI Data      Debug   

     23384       2038        624        192       3592     384036   Grand Totals
     23384       2038        624        192       3592     384036   ELF Image Totals
     23384       2038        624        192          0          0   ROM Totals

==============================================================================

    Total RO  Size (Code + RO Data)                24008 (  23.45kB)
    Total RW  Size (RW Data + ZI Data)              3784 (   3.70kB)
    Total ROM Size (Code + RO Data + RW Data)      24200 (  23.63kB)

==============================================================================

